Component: ARM Compiler 5.06 update 6 (build 750) Tool: armlink [4d35ed]

==============================================================================

Section Cross References

    main.o(i.main) refers to misc.o(i.NVIC_PriorityGroupConfig) for NVIC_PriorityGroupConfig
    main.o(i.main) refers to usart.o(i.USART2_Init) for USART2_Init
    main.o(i.main) refers to delay.o(i.delay_init) for delay_init
    main.o(i.main) refers to led.o(i.LED_Init) for LED_Init
    main.o(i.main) refers to key.o(i.KEY_Init) for KEY_Init
    main.o(i.main) refers to adc.o(i.ADC1_Init) for ADC1_Init
    main.o(i.main) refers to exti.o(i.EXTIX_Init) for EXTIX_Init
    main.o(i.main) refers to usart.o(i.BTPwrSet) for BTPwrSet
    main.o(i.main) refers to mpu6050.o(i.MPU_Init) for MPU_Init
    main.o(i.main) refers to inv_mpu.o(i.mpu_dmp_init) for mpu_dmp_init
    main.o(i.main) refers to delay.o(i.delay_ms) for delay_ms
    main.o(i.main) refers to stm32f10x_usart.o(i.USART_ITConfig) for USART_ITConfig
    main.o(i.main) refers to timer.o(i.TIM3_Int_Init) for TIM3_Int_Init
    main.o(i.main) refers to stm32f10x_tim.o(i.TIM_Cmd) for TIM_Cmd
    main.o(i.main) refers to wkup.o(i.Sys_Enter_Stop) for Sys_Enter_Stop
    main.o(i.main) refers to ffltui.o(.text) for __aeabi_ui2f
    main.o(i.main) refers to fdiv.o(.text) for __aeabi_fdiv
    main.o(i.main) refers to f2d.o(.text) for __aeabi_f2d
    main.o(i.main) refers to dmul.o(.text) for __aeabi_dmul
    main.o(i.main) refers to d2f.o(.text) for __aeabi_d2f
    main.o(i.main) refers to cdrcmple.o(.text) for __aeabi_cdrcmple
    main.o(i.main) refers to cdcmple.o(.text) for __aeabi_cdcmple
    main.o(i.main) refers to inv_mpu.o(i.mpu_dmp_get_data) for mpu_dmp_get_data
    main.o(i.main) refers to getvol.o(i.getvoltage) for getvoltage
    main.o(i.main) refers to exti.o(.data) for StopFlag
    main.o(i.main) refers to main.o(.data) for SleepFlag
    main.o(i.main) refers to adc.o(.bss) for ADC_ConvertedValue
    system_stm32f10x.o(i.SetSysClock) refers to system_stm32f10x.o(i.SetSysClockTo72) for SetSysClockTo72
    system_stm32f10x.o(i.SystemCoreClockUpdate) refers to system_stm32f10x.o(.data) for SystemCoreClock
    system_stm32f10x.o(i.SystemInit) refers to system_stm32f10x.o(i.SetSysClock) for SetSysClock
    getvol.o(i.getvoltage) refers to stm32f10x_gpio.o(i.GPIO_SetBits) for GPIO_SetBits
    getvol.o(i.getvoltage) refers to delay.o(i.delay_ms) for delay_ms
    getvol.o(i.getvoltage) refers to getvol.o(i.scan_row) for scan_row
    getvol.o(i.getvoltage) refers to stm32f10x_gpio.o(i.GPIO_ResetBits) for GPIO_ResetBits
    getvol.o(i.scan_row) refers to adc.o(.bss) for ADC_ConvertedValue
    getvol.o(i.scan_row) refers to main.o(.bss) for ADC_origin
    led.o(i.LED_Init) refers to stm32f10x_rcc.o(i.RCC_APB2PeriphClockCmd) for RCC_APB2PeriphClockCmd
    led.o(i.LED_Init) refers to stm32f10x_gpio.o(i.GPIO_PinRemapConfig) for GPIO_PinRemapConfig
    led.o(i.LED_Init) refers to stm32f10x_gpio.o(i.GPIO_Init) for GPIO_Init
    led.o(i.LED_Init) refers to stm32f10x_gpio.o(i.GPIO_SetBits) for GPIO_SetBits
    led.o(i.LED_Init) refers to stm32f10x_gpio.o(i.GPIO_ResetBits) for GPIO_ResetBits
    mpuiic.o(i.MPU_IIC_Ack) refers to mpuiic.o(i.MPU_IIC_Delay) for MPU_IIC_Delay
    mpuiic.o(i.MPU_IIC_Delay) refers to delay.o(i.delay_us) for delay_us
    mpuiic.o(i.MPU_IIC_Init) refers to stm32f10x_rcc.o(i.RCC_APB2PeriphClockCmd) for RCC_APB2PeriphClockCmd
    mpuiic.o(i.MPU_IIC_Init) refers to stm32f10x_gpio.o(i.GPIO_Init) for GPIO_Init
    mpuiic.o(i.MPU_IIC_Init) refers to stm32f10x_gpio.o(i.GPIO_SetBits) for GPIO_SetBits
    mpuiic.o(i.MPU_IIC_NAck) refers to mpuiic.o(i.MPU_IIC_Delay) for MPU_IIC_Delay
    mpuiic.o(i.MPU_IIC_Read_Byte) refers to mpuiic.o(i.MPU_IIC_Delay) for MPU_IIC_Delay
    mpuiic.o(i.MPU_IIC_Read_Byte) refers to mpuiic.o(i.MPU_IIC_NAck) for MPU_IIC_NAck
    mpuiic.o(i.MPU_IIC_Read_Byte) refers to mpuiic.o(i.MPU_IIC_Ack) for MPU_IIC_Ack
    mpuiic.o(i.MPU_IIC_Send_Byte) refers to mpuiic.o(i.MPU_IIC_Delay) for MPU_IIC_Delay
    mpuiic.o(i.MPU_IIC_Start) refers to mpuiic.o(i.MPU_IIC_Delay) for MPU_IIC_Delay
    mpuiic.o(i.MPU_IIC_Stop) refers to mpuiic.o(i.MPU_IIC_Delay) for MPU_IIC_Delay
    mpuiic.o(i.MPU_IIC_Wait_Ack) refers to mpuiic.o(i.MPU_IIC_Delay) for MPU_IIC_Delay
    mpuiic.o(i.MPU_IIC_Wait_Ack) refers to mpuiic.o(i.MPU_IIC_Stop) for MPU_IIC_Stop
    mpu6050.o(i.MPU_Get_Accelerometer) refers to mpu6050.o(i.MPU_Read_Len) for MPU_Read_Len
    mpu6050.o(i.MPU_Get_Gyroscope) refers to mpu6050.o(i.MPU_Read_Len) for MPU_Read_Len
    mpu6050.o(i.MPU_Get_Temperature) refers to mpu6050.o(i.MPU_Read_Len) for MPU_Read_Len
    mpu6050.o(i.MPU_Get_Temperature) refers to dflti.o(.text) for __aeabi_i2d
    mpu6050.o(i.MPU_Get_Temperature) refers to ddiv.o(.text) for __aeabi_ddiv
    mpu6050.o(i.MPU_Get_Temperature) refers to dadd.o(.text) for __aeabi_dadd
    mpu6050.o(i.MPU_Get_Temperature) refers to d2f.o(.text) for __aeabi_d2f
[...]
    i.ADC_RegularChannelConfig               0x08000d08   Section        0  stm32f10x_adc.o(i.ADC_RegularChannelConfig)
    i.ADC_ResetCalibration                   0x08000dc0   Section        0  stm32f10x_adc.o(i.ADC_ResetCalibration)
    i.ADC_SoftwareStartConvCmd               0x08000dca   Section        0  stm32f10x_adc.o(i.ADC_SoftwareStartConvCmd)
    i.ADC_StartCalibration                   0x08000de0   Section        0  stm32f10x_adc.o(i.ADC_StartCalibration)
    i.BTPwrSet                               0x08000dec   Section        0  usart.o(i.BTPwrSet)
    i.BTRestore                              0x08000e08   Section        0  usart.o(i.BTRestore)
    i.BusFault_Handler                       0x08000e24   Section        0  stm32f10x_it.o(i.BusFault_Handler)
    i.Check_WKUP                             0x08000e28   Section        0  key.o(i.Check_WKUP)
    i.DMA_Cmd                                0x08000e64   Section        0  stm32f10x_dma.o(i.DMA_Cmd)
    i.DMA_DeInit                             0x08000e7c   Section        0  stm32f10x_dma.o(i.DMA_DeInit)
    i.DMA_Init                               0x08000fc8   Section        0  stm32f10x_dma.o(i.DMA_Init)
    i.DebugMon_Handler                       0x08001004   Section        0  stm32f10x_it.o(i.DebugMon_Handler)
    i.EXTI15_10_IRQHandler                   0x08001008   Section        0  exti.o(i.EXTI15_10_IRQHandler)
    i.EXTIX_Init                             0x080011e8   Section        0  exti.o(i.EXTIX_Init)
    i.EXTI_ClearITPendingBit                 0x08001274   Section        0  stm32f10x_exti.o(i.EXTI_ClearITPendingBit)
    i.EXTI_GetITStatus                       0x08001280   Section        0  stm32f10x_exti.o(i.EXTI_GetITStatus)
    i.EXTI_Init                              0x080012a8   Section        0  stm32f10x_exti.o(i.EXTI_Init)
    i.GPIO_EXTILineConfig                    0x0800133c   Section        0  stm32f10x_gpio.o(i.GPIO_EXTILineConfig)
    i.GPIO_Init                              0x0800137c   Section        0  stm32f10x_gpio.o(i.GPIO_Init)
    i.GPIO_PinRemapConfig                    0x08001494   Section        0  stm32f10x_gpio.o(i.GPIO_PinRemapConfig)
    i.GPIO_ReadInputDataBit                  0x08001524   Section        0  stm32f10x_gpio.o(i.GPIO_ReadInputDataBit)
    i.GPIO_ResetBits                         0x08001536   Section        0  stm32f10x_gpio.o(i.GPIO_ResetBits)
    i.GPIO_SetBits                           0x0800153a   Section        0  stm32f10x_gpio.o(i.GPIO_SetBits)
    i.GetCheckSum                            0x0800153e   Section        0  usart.o(i.GetCheckSum)
    i.HardFault_Handler                      0x0800155c   Section        0  stm32f10x_it.o(i.HardFault_Handler)
    i.KEY_Init                               0x08001560   Section        0  key.o(i.KEY_Init)
    i.LED_Init                               0x080015a0   Section        0  led.o(i.LED_Init)
    i.MPU_IIC_Ack                            0x080017ec   Section        0  mpuiic.o(i.MPU_IIC_Ack)
    i.MPU_IIC_Delay                          0x08001838   Section        0  mpuiic.o(i.MPU_IIC_Delay)
    i.MPU_IIC_Init                           0x08001844   Section        0  mpuiic.o(i.MPU_IIC_Init)
    i.MPU_IIC_NAck                           0x0800187c   Section        0  mpuiic.o(i.MPU_IIC_NAck)
    i.MPU_IIC_Read_Byte                      0x080018c8   Section        0  mpuiic.o(i.MPU_IIC_Read_Byte)
    i.MPU_IIC_Send_Byte                      0x08001934   Section        0  mpuiic.o(i.MPU_IIC_Send_Byte)
    i.MPU_IIC_Start                          0x08001990   Section        0  mpuiic.o(i.MPU_IIC_Start)
    i.MPU_IIC_Stop                           0x080019d8   Section        0  mpuiic.o(i.MPU_IIC_Stop)
    i.MPU_IIC_Wait_Ack                       0x08001a20   Section        0  mpuiic.o(i.MPU_IIC_Wait_Ack)
    i.MPU_Init                               0x08001a84   Section        0  mpu6050.o(i.MPU_Init)
    i.MPU_Read_Byte                          0x08001b0e   Section        0  mpu6050.o(i.MPU_Read_Byte)
    i.MPU_Read_Len                           0x08001b48   Section        0  mpu6050.o(i.MPU_Read_Len)
    i.MPU_Set_Accel_Fsr                      0x08001bbc   Section        0  mpu6050.o(i.MPU_Set_Accel_Fsr)
    i.MPU_Set_Gyro_Fsr                       0x08001bcc   Section        0  mpu6050.o(i.MPU_Set_Gyro_Fsr)
    i.MPU_Set_LPF                            0x08001bdc   Section        0  mpu6050.o(i.MPU_Set_LPF)
    i.MPU_Set_Rate                           0x08001c16   Section        0  mpu6050.o(i.MPU_Set_Rate)
    i.MPU_Write_Byte                         0x08001c50   Section        0  mpu6050.o(i.MPU_Write_Byte)
    i.MPU_Write_Len                          0x08001c94   Section        0  mpu6050.o(i.MPU_Write_Len)
    i.MemManage_Handler                      0x08001cf4   Section        0  stm32f10x_it.o(i.MemManage_Handler)
    i.NMI_Handler                            0x08001cf8   Section        0  stm32f10x_it.o(i.NMI_Handler)
    i.NVIC_Init                              0x08001cfc   Section        0  misc.o(i.NVIC_Init)
    i.NVIC_PriorityGroupConfig               0x08001d6c   Section        0  misc.o(i.NVIC_PriorityGroupConfig)
    i.PWR_EnterSTOPMode                      0x08001d80   Section        0  stm32f10x_pwr.o(i.PWR_EnterSTOPMode)
    i.PendSV_Handler                         0x08001dc0   Section        0  stm32f10x_it.o(i.PendSV_Handler)
    i.RCC_ADCCLKConfig                       0x08001dc4   Section        0  stm32f10x_rcc.o(i.RCC_ADCCLKConfig)
    i.RCC_AHBPeriphClockCmd                  0x08001ddc   Section        0  stm32f10x_rcc.o(i.RCC_AHBPeriphClockCmd)
    i.RCC_APB1PeriphClockCmd                 0x08001dfc   Section        0  stm32f10x_rcc.o(i.RCC_APB1PeriphClockCmd)
    i.RCC_APB2PeriphClockCmd                 0x08001e1c   Section        0  stm32f10x_rcc.o(i.RCC_APB2PeriphClockCmd)
    i.RCC_APB2PeriphResetCmd                 0x08001e3c   Section        0  stm32f10x_rcc.o(i.RCC_APB2PeriphResetCmd)
    i.RCC_GetClocksFreq                      0x08001e5c   Section        0  stm32f10x_rcc.o(i.RCC_GetClocksFreq)
    i.RCC_GetFlagStatus                      0x08001f30   Section        0  stm32f10x_rcc.o(i.RCC_GetFlagStatus)
    i.RCC_GetSYSCLKSource                    0x08001f6c   Section        0  stm32f10x_rcc.o(i.RCC_GetSYSCLKSource)
    i.RCC_HSEConfig                          0x08001f7c   Section        0  stm32f10x_rcc.o(i.RCC_HSEConfig)
    i.RCC_PLLCmd                             0x08001fc8   Section        0  stm32f10x_rcc.o(i.RCC_PLLCmd)
    i.RCC_SYSCLKConfig                       0x08001fd4   Section        0  stm32f10x_rcc.o(i.RCC_SYSCLKConfig)
    i.SVC_Handler                            0x08001fec   Section        0  stm32f10x_it.o(i.SVC_Handler)
    i.SYSCLKConfig_STOP                      0x08001fee   Section        0  wkup.o(i.SYSCLKConfig_STOP)
    i.Send_datatoU2                          0x08002028   Section        0  main.o(i.Send_datatoU2)
    i.SetSysClock                            0x08002054   Section        0  system_stm32f10x.o(i.SetSysClock)
    SetSysClock                              0x08002055   Thumb Code     8  system_stm32f10x.o(i.SetSysClock)
    i.SetSysClockTo72                        0x0800205c   Section        0  system_stm32f10x.o(i.SetSysClockTo72)
    SetSysClockTo72                          0x0800205d   Thumb Code   214  system_stm32f10x.o(i.SetSysClockTo72)
    i.SysTick_CLKSourceConfig                0x0800213c   Section        0  misc.o(i.SysTick_CLKSourceConfig)
    i.SysTick_Handler                        0x08002164   Section        0  stm32f10x_it.o(i.SysTick_Handler)
    i.Sys_Enter_Stop                         0x08002166   Section        0  wkup.o(i.Sys_Enter_Stop)
    i.Sys_Stop                               0x08002178   Section        0  wkup.o(i.Sys_Stop)
    i.SystemInit                             0x0800218c   Section        0  system_stm32f10x.o(i.SystemInit)
    i.TIM3_IRQHandler                        0x080021ec   Section        0  timer.o(i.TIM3_IRQHandler)
    i.TIM3_Int_Init                          0x08002214   Section        0  timer.o(i.TIM3_Int_Init)
    i.TIM_ClearITPendingBit                  0x08002274   Section        0  stm32f10x_tim.o(i.TIM_ClearITPendingBit)
    i.TIM_Cmd                                0x0800227a   Section        0  stm32f10x_tim.o(i.TIM_Cmd)
    i.TIM_GetITStatus                        0x08002292   Section        0  stm32f10x_tim.o(i.TIM_GetITStatus)
    i.TIM_ITConfig                           0x080022b4   Section        0  stm32f10x_tim.o(i.TIM_ITConfig)
    i.TIM_TimeBaseInit                       0x080022c8   Section        0  stm32f10x_tim.o(i.TIM_TimeBaseInit)
    i.USART1_IRQHandler                      0x0800236c   Section        0  usart.o(i.USART1_IRQHandler)
    i.USART2_IRQHandler                      0x08002370   Section        0  usart.o(i.USART2_IRQHandler)
    i.USART2_Init                            0x0800289c   Section        0  usart.o(i.USART2_Init)
    i.USART_Cmd                              0x08002940   Section        0  stm32f10x_usart.o(i.USART_Cmd)
    i.USART_GetITStatus                      0x08002958   Section        0  stm32f10x_usart.o(i.USART_GetITStatus)
    i.USART_ITConfig                         0x080029ac   Section        0  stm32f10x_usart.o(i.USART_ITConfig)
    i.USART_Init                             0x080029f8   Section        0  stm32f10x_usart.o(i.USART_Init)
    i.USART_ReceiveData                      0x08002ad0   Section        0  stm32f10x_usart.o(i.USART_ReceiveData)
    i.UsageFault_Handler                     0x08002ada   Section        0  stm32f10x_it.o(i.UsageFault_Handler)
    i.__0printf$8                            0x08002ae0   Section        0  printf8.o(i.__0printf$8)
    i.__ARM_fpclassify                       0x08002b00   Section        0  fpclassify.o(i.__ARM_fpclassify)
    i.__kernel_poly                          0x08002b28   Section        0  poly.o(i.__kernel_poly)
    i.__mathlib_dbl_infnan                   0x08002bd2   Section        0  dunder.o(i.__mathlib_dbl_infnan)
    i.__mathlib_dbl_infnan2                  0x08002bd8   Section        0  dunder.o(i.__mathlib_dbl_infnan2)
    i.__mathlib_dbl_invalid                  0x08002bdc   Section        0  dunder.o(i.__mathlib_dbl_invalid)
    i.__mathlib_dbl_underflow                0x08002be8   Section        0  dunder.o(i.__mathlib_dbl_underflow)
    i.__scatterload_copy                     0x08002bf8   Section       14  handlers.o(i.__scatterload_copy)
    i.__scatterload_null                     0x08002c06   Section        2  handlers.o(i.__scatterload_null)
    i.__scatterload_zeroinit                 0x08002c08   Section       14  handlers.o(i.__scatterload_zeroinit)
    i.__set_errno                            0x08002c18   Section        0  errno.o(i.__set_errno)
    i._printf_core                           0x08002c24   Section        0  printf8.o(i._printf_core)
    _printf_core                             0x08002c25   Thumb Code   996  printf8.o(i._printf_core)
    i._printf_post_padding                   0x08003034   Section        0  printf8.o(i._printf_post_padding)
    _printf_post_padding                     0x08003035   Thumb Code    36  printf8.o(i._printf_post_padding)
    i._printf_pre_padding                    0x08003058   Section        0  printf8.o(i._printf_pre_padding)
    _printf_pre_padding                      0x08003059   Thumb Code    46  printf8.o(i._printf_pre_padding)
    i.accel_self_test                        0x08003088   Section        0  inv_mpu.o(i.accel_self_test)
    accel_self_test                          0x08003089   Thumb Code   164  inv_mpu.o(i.accel_self_test)
    i.asin                                   0x08003130   Section        0  asin.o(i.asin)
    i.atan                                   0x080033a0   Section        0  atan.o(i.atan)
    i.atan2                                  0x080035c0   Section        0  atan2.o(i.atan2)
    i.decode_gesture                         0x08003740   Section        0  inv_mpu_dmp_motion_driver.o(i.decode_gesture)
    decode_gesture                           0x08003741   Thumb Code    94  inv_mpu_dmp_motion_driver.o(i.decode_gesture)
    i.delay_init                             0x080037a4   Section        0  delay.o(i.delay_init)
    i.delay_ms                               0x080037e8   Section        0  delay.o(i.delay_ms)
    i.delay_us                               0x08003834   Section        0  delay.o(i.delay_us)
    i.dmp_enable_6x_lp_quat                  0x08003880   Section        0  inv_mpu_dmp_motion_driver.o(i.dmp_enable_6x_lp_quat)
    i.dmp_enable_feature                     0x080038bc   Section        0  inv_mpu_dmp_motion_driver.o(i.dmp_enable_feature)
    i.dmp_enable_gyro_cal                    0x08003ad8   Section        0  inv_mpu_dmp_motion_driver.o(i.dmp_enable_gyro_cal)
    i.dmp_enable_lp_quat                     0x08003b30   Section        0  inv_mpu_dmp_motion_driver.o(i.dmp_enable_lp_quat)
    i.dmp_load_motion_driver_firmware        0x08003b6c   Section        0  inv_mpu_dmp_motion_driver.o(i.dmp_load_motion_driver_firmware)
    i.dmp_read_fifo                          0x08003b84   Section        0  inv_mpu_dmp_motion_driver.o(i.dmp_read_fifo)
    i.dmp_set_accel_bias                     0x08003d50   Section        0  inv_mpu_dmp_motion_driver.o(i.dmp_set_accel_bias)
    i.dmp_set_fifo_rate                      0x08003e80   Section        0  inv_mpu_dmp_motion_driver.o(i.dmp_set_fifo_rate)
    i.dmp_set_gyro_bias                      0x08003ef0   Section        0  inv_mpu_dmp_motion_driver.o(i.dmp_set_gyro_bias)
    i.dmp_set_orientation                    0x08004020   Section        0  inv_mpu_dmp_motion_driver.o(i.dmp_set_orientation)
    i.dmp_set_shake_reject_thresh            0x08004158   Section        0  inv_mpu_dmp_motion_driver.o(i.dmp_set_shake_reject_thresh)
    i.dmp_set_shake_reject_time              0x08004190   Section        0  inv_mpu_dmp_motion_driver.o(i.dmp_set_shake_reject_time)
    i.dmp_set_shake_reject_timeout           0x080041b6   Section        0  inv_mpu_dmp_motion_driver.o(i.dmp_set_shake_reject_timeout)
    i.dmp_set_tap_axes                       0x080041dc   Section        0  inv_mpu_dmp_motion_driver.o(i.dmp_set_tap_axes)
    i.dmp_set_tap_count                      0x08004222   Section        0  inv_mpu_dmp_motion_driver.o(i.dmp_set_tap_count)
    i.dmp_set_tap_thresh                     0x08004248   Section        0  inv_mpu_dmp_motion_driver.o(i.dmp_set_tap_thresh)
    i.dmp_set_tap_time                       0x080043e8   Section        0  inv_mpu_dmp_motion_driver.o(i.dmp_set_tap_time)
    i.dmp_set_tap_time_multi                 0x0800440e   Section        0  inv_mpu_dmp_motion_driver.o(i.dmp_set_tap_time_multi)
    i.fputc                                  0x08004434   Section        0  usart.o(i.fputc)
    i.get_accel_prod_shift                   0x08004450   Section        0  inv_mpu.o(i.get_accel_prod_shift)
    get_accel_prod_shift                     0x08004451   Thumb Code   168  inv_mpu.o(i.get_accel_prod_shift)
    i.get_st_biases                          0x08004504   Section        0  inv_mpu.o(i.get_st_biases)
    get_st_biases                            0x08004505   Thumb Code  1132  inv_mpu.o(i.get_st_biases)
    i.getvoltage                             0x08004974   Section        0  getvol.o(i.getvoltage)
    i.gyro_self_test                         0x08004b3c   Section        0  inv_mpu.o(i.gyro_self_test)
    gyro_self_test                           0x08004b3d   Thumb Code   256  inv_mpu.o(i.gyro_self_test)
    i.inv_orientation_matrix_to_scalar       0x08004c4c   Section        0  inv_mpu.o(i.inv_orientation_matrix_to_scalar)
    i.inv_row_2_scale                        0x08004c74   Section        0  inv_mpu.o(i.inv_row_2_scale)
    i.main                                   0x08004cc4   Section        0  main.o(i.main)
    i.mget_ms                                0x08004f74   Section        0  inv_mpu.o(i.mget_ms)
    i.mpu_configure_fifo                     0x08004f78   Section        0  inv_mpu.o(i.mpu_configure_fifo)
    i.mpu_dmp_get_data                       0x08004fe8   Section        0  inv_mpu.o(i.mpu_dmp_get_data)
    i.mpu_dmp_init                           0x0800520c   Section        0  inv_mpu.o(i.mpu_dmp_init)
    i.mpu_get_accel_fsr                      0x080052ac   Section        0  inv_mpu.o(i.mpu_get_accel_fsr)
    i.mpu_get_accel_sens                     0x080052f8   Section        0  inv_mpu.o(i.mpu_get_accel_sens)
    i.mpu_get_fifo_config                    0x0800534c   Section        0  inv_mpu.o(i.mpu_get_fifo_config)
    i.mpu_get_gyro_fsr                       0x0800535c   Section        0  inv_mpu.o(i.mpu_get_gyro_fsr)
    i.mpu_get_gyro_sens                      0x080053a0   Section        0  inv_mpu.o(i.mpu_get_gyro_sens)
    i.mpu_get_lpf                            0x080053f0   Section        0  inv_mpu.o(i.mpu_get_lpf)
    i.mpu_get_sample_rate                    0x08005440   Section        0  inv_mpu.o(i.mpu_get_sample_rate)
    i.mpu_init                               0x08005460   Section        0  inv_mpu.o(i.mpu_init)
    i.mpu_load_firmware                      0x08005650   Section        0  inv_mpu.o(i.mpu_load_firmware)
    i.mpu_lp_accel_mode                      0x08005708   Section        0  inv_mpu.o(i.mpu_lp_accel_mode)
    i.mpu_read_fifo_stream                   0x080057e8   Section        0  inv_mpu.o(i.mpu_read_fifo_stream)
    i.mpu_read_mem                           0x080058a8   Section        0  inv_mpu.o(i.mpu_read_mem)
    i.mpu_reset_fifo                         0x08005928   Section        0  inv_mpu.o(i.mpu_reset_fifo)
    i.mpu_run_self_test                      0x08005af0   Section        0  inv_mpu.o(i.mpu_run_self_test)
    i.mpu_set_accel_fsr                      0x08005c0c   Section        0  inv_mpu.o(i.mpu_set_accel_fsr)
    i.mpu_set_bypass                         0x08005c90   Section        0  inv_mpu.o(i.mpu_set_bypass)
    i.mpu_set_dmp_state                      0x08005ddc   Section        0  inv_mpu.o(i.mpu_set_dmp_state)
    i.mpu_set_gyro_fsr                       0x08005e6c   Section        0  inv_mpu.o(i.mpu_set_gyro_fsr)
    i.mpu_set_int_latched                    0x08005ef4   Section        0  inv_mpu.o(i.mpu_set_int_latched)
    i.mpu_set_lpf                            0x08005f60   Section        0  inv_mpu.o(i.mpu_set_lpf)
    i.mpu_set_sample_rate                    0x08005fe4   Section        0  inv_mpu.o(i.mpu_set_sample_rate)
    i.mpu_set_sensors                        0x08006080   Section        0  inv_mpu.o(i.mpu_set_sensors)
    i.mpu_write_mem                          0x08006150   Section        0  inv_mpu.o(i.mpu_write_mem)
    i.run_self_test                          0x080061d0   Section        0  inv_mpu.o(i.run_self_test)
    i.scan_row                               0x08006264   Section        0  getvol.o(i.scan_row)
    i.set_int_enable                         0x08006364   Section        0  inv_mpu.o(i.set_int_enable)
    set_int_enable                           0x08006365   Thumb Code   138  inv_mpu.o(i.set_int_enable)
    i.sqrt                                   0x080063f4   Section        0  sqrt.o(i.sqrt)
    .constdata                               0x08006440   Section       80  inv_mpu.o(.constdata)
    .constdata                               0x08006490   Section     3062  inv_mpu_dmp_motion_driver.o(.constdata)
    dmp_memory                               0x08006490   Data        3062  inv_mpu_dmp_motion_driver.o(.constdata)
    .constdata                               0x08007088   Section       80  asin.o(.constdata)
    pS                                       0x08007088   Data          48  asin.o(.constdata)
    qS                                       0x080070b8   Data          32  asin.o(.constdata)
    .constdata                               0x080070d8   Section      152  atan.o(.constdata)
    atanhi                                   0x080070d8   Data          32  atan.o(.constdata)
    atanlo                                   0x080070f8   Data          32  atan.o(.constdata)
    aTodd                                    0x08007118   Data          40  atan.o(.constdata)
    aTeven                                   0x08007140   Data          48  atan.o(.constdata)
    .constdata                               0x08007170   Section        8  qnan.o(.constdata)
    .conststring                             0x08007178   Section       77  inv_mpu.o(.conststring)
    .data                                    0x20000000   Section       16  main.o(.data)
    .data                                    0x20000010   Section       20  system_stm32f10x.o(.data)
    .data                                    0x20000024   Section       53  inv_mpu.o(.data)
    st                                       0x20000024   Data          44  inv_mpu.o(.data)
    gyro_orientation                         0x20000050   Data           9  inv_mpu.o(.data)
    .data                                    0x20000059   Section        1  exti.o(.data)
    .data                                    0x2000005a   Section        4  delay.o(.data)
    fac_us                                   0x2000005a   Data           1  delay.o(.data)
    fac_ms                                   0x2000005c   Data           2  delay.o(.data)
    .data                                    0x20000060   Section       36  usart.o(.data)
    testpitch                                0x20000066   Data           2  usart.o(.data)
    testroll                                 0x20000068   Data           2  usart.o(.data)
    testyaw                                  0x2000006a   Data           2  usart.o(.data)
    message                                  0x2000006c   Data           2  usart.o(.data)
    suitMAC                                  0x2000006e   Data           8  usart.o(.data)
    check                                    0x20000076   Data           1  usart.o(.data)
    jiaodu                                   0x20000077   Data           9  usart.o(.data)
    i                                        0x20000080   Data           4  usart.o(.data)
    .data                                    0x20000084   Section       20  stm32f10x_rcc.o(.data)
    APBAHBPrescTable                         0x20000084   Data          16  stm32f10x_rcc.o(.data)
    ADCPrescTable                            0x20000094   Data           4  stm32f10x_rcc.o(.data)
    .data                                    0x20000098   Section        4  errno.o(.data)
    _errno                                   0x20000098   Data           4  errno.o(.data)
    .bss                                     0x2000009c   Section      264  main.o(.bss)
    .bss                                     0x200001a4   Section       16  inv_mpu_dmp_motion_driver.o(.bss)
    dmp                                      0x200001a4   Data          16  inv_mpu_dmp_motion_driver.o(.bss)
    .bss                                     0x200001b4   Section       10  adc.o(.bss)
    .bss                                     0x200001be   Section      276  usart.o(.bss)
    press                                    0x20000286   Data          28  usart.o(.bss)
    volt                                     0x200002a2   Data          32  usart.o(.bss)
    memory                                   0x200002c2   Data          16  usart.o(.bss)
    STACK                                    0x200002d8   Section     1024  startup_stm32f10x_hd.o(STACK)

    Global Symbols

    Symbol Name                              Value     Ov Type        Size  Object(Section)

    BuildAttributes$$THM_ISAv4$P$D$K$B$S$PE$A:L22UL41UL21$X:L11$S22US41US21$IEEE1$IW$USESV6$~STKCKD$USESV7$~SHL$OTIME$ROPI$IEEEX$EBA8$MICROLIB$REQ8$PRES8$EABIv2 0x00000000   Number         0  anon$$obj.o ABSOLUTE
    __ARM_use_no_argv                        0x00000000   Number         0  main.o ABSOLUTE
    __use_no_errno                           0x00000000   Number         0  useno.o ABSOLUTE
    __use_no_exception_handling              0x00000000   Number         0  useno.o ABSOLUTE
    __use_no_fp                              0x00000000   Number         0  useno.o ABSOLUTE
    __use_no_heap                            0x00000000   Number         0  useno.o ABSOLUTE
    __use_no_heap_region                     0x00000000   Number         0  useno.o ABSOLUTE
    __use_no_semihosting                     0x00000000   Number         0  useno.o ABSOLUTE
    __use_no_semihosting_swi                 0x00000000   Number         0  useno.o ABSOLUTE
    __use_no_signal_handling                 0x00000000   Number         0  useno.o ABSOLUTE
    _printf_a                                0x00000000   Number         0  stubs.o ABSOLUTE
    _printf_c                                0x00000000   Number         0  stubs.o ABSOLUTE
    _printf_charcount                        0x00000000   Number         0  stubs.o ABSOLUTE
    _printf_d                                0x00000000   Number         0  stubs.o ABSOLUTE
    _printf_e                                0x00000000   Number         0  stubs.o ABSOLUTE
    _printf_f                                0x00000000   Number         0  stubs.o ABSOLUTE
    _printf_flags                            0x00000000   Number         0  stubs.o ABSOLUTE
    _printf_fp_dec                           0x00000000   Number         0  stubs.o ABSOLUTE
    _printf_fp_hex                           0x00000000   Number         0  stubs.o ABSOLUTE
    _printf_g                                0x00000000   Number         0  stubs.o ABSOLUTE
    _printf_i                                0x00000000   Number         0  stubs.o ABSOLUTE
    _printf_int_dec                          0x00000000   Number         0  stubs.o ABSOLUTE
    _printf_l                                0x00000000   Number         0  stubs.o ABSOLUTE
    _printf_lc                               0x00000000   Number         0  stubs.o ABSOLUTE
    _printf_ll                               0x00000000   Number         0  stubs.o ABSOLUTE
    _printf_lld                              0x00000000   Number         0  stubs.o ABSOLUTE
    _printf_lli                              0x00000000   Number         0  stubs.o ABSOLUTE
    _printf_llo                              0x00000000   Number         0  stubs.o ABSOLUTE
    _printf_llu                              0x00000000   Number         0  stubs.o ABSOLUTE
    _printf_llx                              0x00000000   Number         0  stubs.o ABSOLUTE
    _printf_longlong_dec                     0x00000000   Number         0  stubs.o ABSOLUTE
    _printf_longlong_hex                     0x00000000   Number         0  stubs.o ABSOLUTE
    _printf_longlong_oct                     0x00000000   Number         0  stubs.o ABSOLUTE
    _printf_ls                               0x00000000   Number         0  stubs.o ABSOLUTE
    _printf_mbtowc                           0x00000000   Number         0  stubs.o ABSOLUTE
    _printf_n                                0x00000000   Number         0  stubs.o ABSOLUTE
    _printf_o                                0x00000000   Number         0  stubs.o ABSOLUTE
    _printf_p                                0x00000000   Number         0  stubs.o ABSOLUTE
    _printf_percent                          0x00000000   Number         0  stubs.o ABSOLUTE
    _printf_pre_padding                      0x00000000   Number         0  stubs.o ABSOLUTE
    _printf_return_value                     0x00000000   Number         0  stubs.o ABSOLUTE
    _printf_s                                0x00000000   Number         0  stubs.o ABSOLUTE
    _printf_sizespec                         0x00000000   Number         0  stubs.o ABSOLUTE
    _printf_str                              0x00000000   Number         0  stubs.o ABSOLUTE
    _printf_truncate_signed                  0x00000000   Number         0  stubs.o ABSOLUTE
    _printf_truncate_unsigned                0x00000000   Number         0  stubs.o ABSOLUTE
    _printf_u                                0x00000000   Number         0  stubs.o ABSOLUTE
    _printf_wc                               0x00000000   Number         0  stubs.o ABSOLUTE
    _printf_wctomb                           0x00000000   Number         0  stubs.o ABSOLUTE
    _printf_widthprec                        0x00000000   Number         0  stubs.o ABSOLUTE
    _printf_x                                0x00000000   Number         0  stubs.o ABSOLUTE
    __cpp_initialize__aeabi_                  - Undefined Weak Reference
    __cxa_finalize                            - Undefined Weak Reference
    __decompress                              - Undefined Weak Reference
    _clock_init                               - Undefined Weak Reference
    _microlib_exit                            - Undefined Weak Reference
    __Vectors_Size                           0x00000130   Number         0  startup_stm32f10x_hd.o ABSOLUTE
    __Vectors                                0x08000000   Data           4  startup_stm32f10x_hd.o(RESET)
    __Vectors_End                            0x08000130   Data           0  startup_stm32f10x_hd.o(RESET)
    __main                                   0x08000131   Thumb Code     0  entry.o(.ARM.Collect$$$$00000000)
    _main_stk                                0x08000131   Thumb Code     0  entry2.o(.ARM.Collect$$$$00000001)
    _main_scatterload                        0x08000135   Thumb Code     0  entry5.o(.ARM.Collect$$$$00000004)
    __main_after_scatterload                 0x08000139   Thumb Code     0  entry5.o(.ARM.Collect$$$$00000004)
    _main_clock                              0x08000139   Thumb Code     0  entry7b.o(.ARM.Collect$$$$00000008)
    _main_cpp_init                           0x08000139   Thumb Code     0  entry8b.o(.ARM.Collect$$$$0000000A)
    _main_init                               0x08000139   Thumb Code     0  entry9a.o(.ARM.Collect$$$$0000000B)
    __rt_final_cpp                           0x08000141   Thumb Code     0  entry10a.o(.ARM.Collect$$$$0000000D)
    __rt_final_exit                          0x08000141   Thumb Code     0  entry11a.o(.ARM.Collect$$$$0000000F)
    Reset_Handler                            0x08000145   Thumb Code     8  startup_stm32f10x_hd.o(.text)
    ADC1_2_IRQHandler                        0x0800015f   Thumb Code     0  startup_stm32f10x_hd.o(.text)
    ADC3_IRQHandler                          0x0800015f   Thumb Code     0  startup_stm32f10x_hd.o(.text)
    CAN1_RX1_IRQHandler                      0x0800015f   Thumb Code     0  startup_stm32f10x_hd.o(.text)
    CAN1_SCE_IRQHandler                      0x0800015f   Thumb Code     0  startup_stm32f10x_hd.o(.text)
    DMA1_Channel1_IRQHandler                 0x0800015f   Thumb Code     0  startup_stm32f10x_hd.o(.text)
    DMA1_Channel2_IRQHandler                 0x0800015f   Thumb Code     0  startup_stm32f10x_hd.o(.text)
    DMA1_Channel3_IRQHandler                 0x0800015f   Thumb Code     0  startup_stm32f10x_hd.o(.text)
    DMA1_Channel4_IRQHandler                 0x0800015f   Thumb Code     0  startup_stm32f10x_hd.o(.text)
    DMA1_Channel5_IRQHandler                 0x0800015f   Thumb Code     0  startup_stm32f10x_hd.o(.text)
    DMA1_Channel6_IRQHandler                 0x0800015f   Thumb Code     0  startup_stm32f10x_hd.o(.text)
    DMA1_Channel7_IRQHandler                 0x0800015f   Thumb Code     0  startup_stm32f10x_hd.o(.text)
    DMA2_Channel1_IRQHandler                 0x0800015f   Thumb Code     0  startup_stm32f10x_hd.o(.text)
    DMA2_Channel2_IRQHandler                 0x0800015f   Thumb Code     0  startup_stm32f10x_hd.o(.text)
    DMA2_Channel3_IRQHandler                 0x0800015f   Thumb Code     0  startup_stm32f10x_hd.o(.text)
    DMA2_Channel4_5_IRQHandler               0x0800015f   Thumb Code     0  startup_stm32f10x_hd.o(.text)
    EXTI0_IRQHandler                         0x0800015f   Thumb Code     0  startup_stm32f10x_hd.o(.text)
    EXTI1_IRQHandler                         0x0800015f   Thumb Code     0  startup_stm32f10x_hd.o(.text)
    EXTI2_IRQHandler                         0x0800015f   Thumb Code     0  startup_stm32f10x_hd.o(.text)
    EXTI3_IRQHandler                         0x0800015f   Thumb Code     0  startup_stm32f10x_hd.o(.text)
    EXTI4_IRQHandler                         0x0800015f   Thumb Code     0  startup_stm32f10x_hd.o(.text)
    EXTI9_5_IRQHandler                       0x0800015f   Thumb Code     0  startup_stm32f10x_hd.o(.text)
    FLASH_IRQHandler                         0x0800015f   Thumb Code     0  startup_stm32f10x_hd.o(.text)
    FSMC_IRQHandler                          0x0800015f   Thumb Code     0  startup_stm32f10x_hd.o(.text)
    I2C1_ER_IRQHandler                       0x0800015f   Thumb Code     0  startup_stm32f10x_hd.o(.text)
    I2C1_EV_IRQHandler                       0x0800015f   Thumb Code     0  startup_stm32f10x_hd.o(.text)
    I2C2_ER_IRQHandler                       0x0800015f   Thumb Code     0  startup_stm32f10x_hd.o(.text)
    I2C2_EV_IRQHandler                       0x0800015f   Thumb Code     0  startup_stm32f10x_hd.o(.text)
    PVD_IRQHandler                           0x0800015f   Thumb Code     0  startup_stm32f10x_hd.o(.text)
    RCC_IRQHandler                           0x0800015f   Thumb Code     0  startup_stm32f10x_hd.o(.text)
    RTCAlarm_IRQHandler                      0x0800015f   Thumb Code     0  startup_stm32f10x_hd.o(.text)
    RTC_IRQHandler                           0x0800015f   Thumb Code     0  startup_stm32f10x_hd.o(.text)
    SDIO_IRQHandler                          0x0800015f   Thumb Code     0  startup_stm32f10x_hd.o(.text)
    SPI1_IRQHandler                          0x0800015f   Thumb Code     0  startup_stm32f10x_hd.o(.text)
    SPI2_IRQHandler                          0x0800015f   Thumb Code     0  startup_stm32f10x_hd.o(.text)
    SPI3_IRQHandler                          0x0800015f   Thumb Code     0  startup_stm32f10x_hd.o(.text)
    TAMPER_IRQHandler                        0x0800015f   Thumb Code     0  startup_stm32f10x_hd.o(.text)
    TIM1_BRK_IRQHandler                      0x0800015f   Thumb Code     0  startup_stm32f10x_hd.o(.text)
    TIM1_CC_IRQHandler                       0x0800015f   Thumb Code     0  startup_stm32f10x_hd.o(.text)
    TIM1_TRG_COM_IRQHandler                  0x0800015f   Thumb Code     0  startup_stm32f10x_hd.o(.text)
    TIM1_UP_IRQHandler                       0x0800015f   Thumb Code     0  startup_stm32f10x_hd.o(.text)
    TIM2_IRQHandler                          0x0800015f   Thumb Code     0  startup_stm32f10x_hd.o(.text)
    TIM4_IRQHandler                          0x0800015f   Thumb Code     0  startup_stm32f10x_hd.o(.text)
    TIM5_IRQHandler                          0x0800015f   Thumb Code     0  startup_stm32f10x_hd.o(.text)
    TIM6_IRQHandler                          0x0800015f   Thumb Code     0  startup_stm32f10x_hd.o(.text)
    TIM7_IRQHandler                          0x0800015f   Thumb Code     0  startup_stm32f10x_hd.o(.text)
    TIM8_BRK_IRQHandler                      0x0800015f   Thumb Code     0  startup_stm32f10x_hd.o(.text)
    TIM8_CC_IRQHandler                       0x0800015f   Thumb Code     0  startup_stm32f10x_hd.o(.text)
    TIM8_TRG_COM_IRQHandler                  0x0800015f   Thumb Code     0  startup_stm32f10x_hd.o(.text)
    TIM8_UP_IRQHandler                       0x0800015f   Thumb Code     0  startup_stm32f10x_hd.o(.text)
    UART4_IRQHandler                         0x0800015f   Thumb Code     0  startup_stm32f10x_hd.o(.text)
    UART5_IRQHandler                         0x0800015f   Thumb Code     0  startup_stm32f10x_hd.o(.text)
    USART3_IRQHandler                        0x0800015f   Thumb Code     0  startup_stm32f10x_hd.o(.text)
    USBWakeUp_IRQHandler                     0x0800015f   Thumb Code     0  startup_stm32f10x_hd.o(.text)
    USB_HP_CAN1_TX_IRQHandler                0x0800015f   Thumb Code     0  startup_stm32f10x_hd.o(.text)
    USB_LP_CAN1_RX0_IRQHandler               0x0800015f   Thumb Code     0  startup_stm32f10x_hd.o(.text)
    WWDG_IRQHandler                          0x0800015f   Thumb Code     0  startup_stm32f10x_hd.o(.text)
    __aeabi_ldivmod                          0x08000169   Thumb Code    98  ldiv.o(.text)
    __aeabi_memset                           0x080001cb   Thumb Code    14  memseta.o(.text)
    __aeabi_memset4                          0x080001cb   Thumb Code     0  memseta.o(.text)
    __aeabi_memset8                          0x080001cb   Thumb Code     0  memseta.o(.text)
    __aeabi_memclr                           0x080001d9   Thumb Code     4  memseta.o(.text)
    __aeabi_memclr4                          0x080001d9   Thumb Code     0  memseta.o(.text)
    __aeabi_memclr8                          0x080001d9   Thumb Code     0  memseta.o(.text)
    _memset$wrapper                          0x080001dd   Thumb Code    18  memseta.o(.text)
    memcmp                                   0x080001ef   Thumb Code    26  memcmp.o(.text)
    __aeabi_fadd                             0x08000209   Thumb Code   164  fadd.o(.text)
    __aeabi_fsub                             0x080002ad   Thumb Code     6  fadd.o(.text)
    __aeabi_frsub                            0x080002b3   Thumb Code     6  fadd.o(.text)
    __aeabi_fmul                             0x080002b9   Thumb Code   100  fmul.o(.text)
    __aeabi_fdiv                             0x0800031d   Thumb Code   124  fdiv.o(.text)
    __aeabi_dadd                             0x08000399   Thumb Code   322  dadd.o(.text)
    __aeabi_dsub                             0x080004db   Thumb Code     6  dadd.o(.text)
    __aeabi_drsub                            0x080004e1   Thumb Code     6  dadd.o(.text)
    __aeabi_dmul                             0x080004e7   Thumb Code   228  dmul.o(.text)
    __aeabi_ddiv                             0x080005cb   Thumb Code   222  ddiv.o(.text)
    __aeabi_i2f                              0x080006a9   Thumb Code    18  fflti.o(.text)
    __aeabi_ui2f                             0x080006bb   Thumb Code    10  ffltui.o(.text)
    __aeabi_f2iz                             0x080006c5   Thumb Code    50  ffixi.o(.text)
    __aeabi_f2uiz                            0x080006f7   Thumb Code    40  ffixui.o(.text)
    __aeabi_f2d                              0x0800071f   Thumb Code    38  f2d.o(.text)
    __aeabi_cdcmpeq                          0x08000745   Thumb Code     0  cdcmple.o(.text)
    __aeabi_cdcmple                          0x08000745   Thumb Code    48  cdcmple.o(.text)
    __aeabi_cdrcmple                         0x08000775   Thumb Code    48  cdrcmple.o(.text)
    __aeabi_d2f                              0x080007a5   Thumb Code    56  d2f.o(.text)
    __aeabi_cfcmpeq                          0x080007dd   Thumb Code     0  cfcmple.o(.text)
    __aeabi_cfcmple                          0x080007dd   Thumb Code    20  cfcmple.o(.text)
    __aeabi_cfrcmple                         0x080007f1   Thumb Code    20  cfrcmple.o(.text)
    __aeabi_uldivmod                         0x08000805   Thumb Code    98  uldiv.o(.text)
    __aeabi_llsl                             0x08000867   Thumb Code    30  llshl.o(.text)
    _ll_shift_l                              0x08000867   Thumb Code     0  llshl.o(.text)
    __aeabi_lasr                             0x08000885   Thumb Code    36  llsshr.o(.text)
    _ll_sshift_r                             0x08000885   Thumb Code     0  llsshr.o(.text)
    __I$use$fp                               0x080008a9   Thumb Code     0  iusefp.o(.text)
    _float_round                             0x080008a9   Thumb Code    18  fepilogue.o(.text)
    _float_epilogue                          0x080008bb   Thumb Code    92  fepilogue.o(.text)
    _double_round                            0x08000917   Thumb Code    30  depilogue.o(.text)
    _double_epilogue                         0x08000935   Thumb Code   156  depilogue.o(.text)
    __ARM_scalbn                             0x080009d1   Thumb Code    46  dscalb.o(.text)
    scalbn                                   0x080009d1   Thumb Code     0  dscalb.o(.text)
    __scatterload                            0x08000a01   Thumb Code    28  init.o(.text)
    __scatterload_rt2                        0x08000a01   Thumb Code     0  init.o(.text)
    __aeabi_llsr                             0x08000a25   Thumb Code    32  llushr.o(.text)
    _ll_ushift_r                             0x08000a25   Thumb Code     0  llushr.o(.text)
    _dsqrt                                   0x08000a45   Thumb Code   162  dsqrt.o(.text)
    ADC1_Init                                0x08000b31   Thumb Code    12  adc.o(i.ADC1_Init)
    ADC_Cmd                                  0x08000c65   Thumb Code    22  stm32f10x_adc.o(i.ADC_Cmd)
    ADC_DMACmd                               0x08000c7b   Thumb Code    22  stm32f10x_adc.o(i.ADC_DMACmd)
    ADC_GetCalibrationStatus                 0x08000c91   Thumb Code    20  stm32f10x_adc.o(i.ADC_GetCalibrationStatus)
    ADC_GetResetCalibrationStatus            0x08000ca5   Thumb Code    20  stm32f10x_adc.o(i.ADC_GetResetCalibrationStatus)
    ADC_Init                                 0x08000cb9   Thumb Code    70  stm32f10x_adc.o(i.ADC_Init)
    ADC_RegularChannelConfig                 0x08000d09   Thumb Code   184  stm32f10x_adc.o(i.ADC_RegularChannelConfig)
    ADC_ResetCalibration                     0x08000dc1   Thumb Code    10  stm32f10x_adc.o(i.ADC_ResetCalibration)
    ADC_SoftwareStartConvCmd                 0x08000dcb   Thumb Code    22  stm32f10x_adc.o(i.ADC_SoftwareStartConvCmd)
    ADC_StartCalibration                     0x08000de1   Thumb Code    10  stm32f10x_adc.o(i.ADC_StartCalibration)
    BTPwrSet                                 0x08000ded   Thumb Code    24  usart.o(i.BTPwrSet)
    BTRestore                                0x08000e09   Thumb Code    24  usart.o(i.BTRestore)
    BusFault_Handler                         0x08000e25   Thumb Code     4  stm32f10x_it.o(i.BusFault_Handler)
    Check_WKUP                               0x08000e29   Thumb Code    50  key.o(i.Check_WKUP)
    DMA_Cmd                                  0x08000e65   Thumb Code    24  stm32f10x_dma.o(i.DMA_Cmd)
    DMA_DeInit                               0x08000e7d   Thumb Code   324  stm32f10x_dma.o(i.DMA_DeInit)
    DMA_Init                                 0x08000fc9   Thumb Code    60  stm32f10x_dma.o(i.DMA_Init)
    DebugMon_Handler                         0x08001005   Thumb Code     2  stm32f10x_it.o(i.DebugMon_Handler)
    EXTI15_10_IRQHandler                     0x08001009   Thumb Code   446  exti.o(i.EXTI15_10_IRQHandler)
    EXTIX_Init                               0x080011e9   Thumb Code   140  exti.o(i.EXTIX_Init)
    EXTI_ClearITPendingBit                   0x08001275   Thumb Code     6  stm32f10x_exti.o(i.EXTI_ClearITPendingBit)
    EXTI_GetITStatus                         0x08001281   Thumb Code    34  stm32f10x_exti.o(i.EXTI_GetITStatus)
    EXTI_Init                                0x080012a9   Thumb Code   142  stm32f10x_exti.o(i.EXTI_Init)
    GPIO_EXTILineConfig                      0x0800133d   Thumb Code    60  stm32f10x_gpio.o(i.GPIO_EXTILineConfig)
    GPIO_Init                                0x0800137d   Thumb Code   278  stm32f10x_gpio.o(i.GPIO_Init)
    GPIO_PinRemapConfig                      0x08001495   Thumb Code   138  stm32f10x_gpio.o(i.GPIO_PinRemapConfig)
    GPIO_ReadInputDataBit                    0x08001525   Thumb Code    18  stm32f10x_gpio.o(i.GPIO_ReadInputDataBit)
    GPIO_ResetBits                           0x08001537   Thumb Code     4  stm32f10x_gpio.o(i.GPIO_ResetBits)
    GPIO_SetBits                             0x0800153b   Thumb Code     4  stm32f10x_gpio.o(i.GPIO_SetBits)
    GetCheckSum                              0x0800153f   Thumb Code    30  usart.o(i.GetCheckSum)
    HardFault_Handler                        0x0800155d   Thumb Code     4  stm32f10x_it.o(i.HardFault_Handler)
    KEY_Init                                 0x08001561   Thumb Code    56  key.o(i.KEY_Init)
    LED_Init                                 0x080015a1   Thumb Code   576  led.o(i.LED_Init)
    MPU_IIC_Ack                              0x080017ed   Thumb Code    62  mpuiic.o(i.MPU_IIC_Ack)
    MPU_IIC_Delay                            0x08001839   Thumb Code    10  mpuiic.o(i.MPU_IIC_Delay)
    MPU_IIC_Init                             0x08001845   Thumb Code    50  mpuiic.o(i.MPU_IIC_Init)
    MPU_IIC_NAck                             0x0800187d   Thumb Code    62  mpuiic.o(i.MPU_IIC_NAck)
    MPU_IIC_Read_Byte                        0x080018c9   Thumb Code    94  mpuiic.o(i.MPU_IIC_Read_Byte)
    MPU_IIC_Send_Byte                        0x08001935   Thumb Code    80  mpuiic.o(i.MPU_IIC_Send_Byte)
    MPU_IIC_Start                            0x08001991   Thumb Code    60  mpuiic.o(i.MPU_IIC_Start)
    MPU_IIC_Stop                             0x080019d9   Thumb Code    58  mpuiic.o(i.MPU_IIC_Stop)
    MPU_IIC_Wait_Ack                         0x08001a21   Thumb Code    86  mpuiic.o(i.MPU_IIC_Wait_Ack)
    MPU_Init                                 0x08001a85   Thumb Code   138  mpu6050.o(i.MPU_Init)
    MPU_Read_Byte                            0x08001b0f   Thumb Code    58  mpu6050.o(i.MPU_Read_Byte)
    MPU_Read_Len                             0x08001b49   Thumb Code   116  mpu6050.o(i.MPU_Read_Len)
    MPU_Set_Accel_Fsr                        0x08001bbd   Thumb Code    16  mpu6050.o(i.MPU_Set_Accel_Fsr)
    MPU_Set_Gyro_Fsr                         0x08001bcd   Thumb Code    16  mpu6050.o(i.MPU_Set_Gyro_Fsr)
    MPU_Set_LPF                              0x08001bdd   Thumb Code    58  mpu6050.o(i.MPU_Set_LPF)
    MPU_Set_Rate                             0x08001c17   Thumb Code    58  mpu6050.o(i.MPU_Set_Rate)
    MPU_Write_Byte                           0x08001c51   Thumb Code    68  mpu6050.o(i.MPU_Write_Byte)
    MPU_Write_Len                            0x08001c95   Thumb Code    96  mpu6050.o(i.MPU_Write_Len)
    MemManage_Handler                        0x08001cf5   Thumb Code     4  stm32f10x_it.o(i.MemManage_Handler)
    NMI_Handler                              0x08001cf9   Thumb Code     2  stm32f10x_it.o(i.NMI_Handler)
    NVIC_Init                                0x08001cfd   Thumb Code   100  misc.o(i.NVIC_Init)
    NVIC_PriorityGroupConfig                 0x08001d6d   Thumb Code    10  misc.o(i.NVIC_PriorityGroupConfig)
    PWR_EnterSTOPMode                        0x08001d81   Thumb Code    54  stm32f10x_pwr.o(i.PWR_EnterSTOPMode)
    PendSV_Handler                           0x08001dc1   Thumb Code     2  stm32f10x_it.o(i.PendSV_Handler)
    RCC_ADCCLKConfig                         0x08001dc5   Thumb Code    18  stm32f10x_rcc.o(i.RCC_ADCCLKConfig)
    RCC_AHBPeriphClockCmd                    0x08001ddd   Thumb Code    26  stm32f10x_rcc.o(i.RCC_AHBPeriphClockCmd)
    RCC_APB1PeriphClockCmd                   0x08001dfd   Thumb Code    26  stm32f10x_rcc.o(i.RCC_APB1PeriphClockCmd)
    RCC_APB2PeriphClockCmd                   0x08001e1d   Thumb Code    26  stm32f10x_rcc.o(i.RCC_APB2PeriphClockCmd)
    RCC_APB2PeriphResetCmd                   0x08001e3d   Thumb Code    26  stm32f10x_rcc.o(i.RCC_APB2PeriphResetCmd)
    RCC_GetClocksFreq                        0x08001e5d   Thumb Code   192  stm32f10x_rcc.o(i.RCC_GetClocksFreq)
    RCC_GetFlagStatus                        0x08001f31   Thumb Code    56  stm32f10x_rcc.o(i.RCC_GetFlagStatus)
    RCC_GetSYSCLKSource                      0x08001f6d   Thumb Code    10  stm32f10x_rcc.o(i.RCC_GetSYSCLKSource)
    RCC_HSEConfig                            0x08001f7d   Thumb Code    70  stm32f10x_rcc.o(i.RCC_HSEConfig)
    RCC_PLLCmd                               0x08001fc9   Thumb Code     6  stm32f10x_rcc.o(i.RCC_PLLCmd)
    RCC_SYSCLKConfig                         0x08001fd5   Thumb Code    18  stm32f10x_rcc.o(i.RCC_SYSCLKConfig)
    SVC_Handler                              0x08001fed   Thumb Code     2  stm32f10x_it.o(i.SVC_Handler)
    SYSCLKConfig_STOP                        0x08001fef   Thumb Code    58  wkup.o(i.SYSCLKConfig_STOP)
    Send_datatoU2                            0x08002029   Thumb Code    40  main.o(i.Send_datatoU2)
    SysTick_CLKSourceConfig                  0x0800213d   Thumb Code    40  misc.o(i.SysTick_CLKSourceConfig)
    SysTick_Handler                          0x08002165   Thumb Code     2  stm32f10x_it.o(i.SysTick_Handler)
    Sys_Enter_Stop                           0x08002167   Thumb Code    18  wkup.o(i.Sys_Enter_Stop)
    Sys_Stop                                 0x08002179   Thumb Code    20  wkup.o(i.Sys_Stop)
    SystemInit                               0x0800218d   Thumb Code    78  system_stm32f10x.o(i.SystemInit)
    TIM3_IRQHandler                          0x080021ed   Thumb Code    32  timer.o(i.TIM3_IRQHandler)
    TIM3_Int_Init                            0x08002215   Thumb Code    90  timer.o(i.TIM3_Int_Init)
    TIM_ClearITPendingBit                    0x08002275   Thumb Code     6  stm32f10x_tim.o(i.TIM_ClearITPendingBit)
    TIM_Cmd                                  0x0800227b   Thumb Code    24  stm32f10x_tim.o(i.TIM_Cmd)
    TIM_GetITStatus                          0x08002293   Thumb Code    34  stm32f10x_tim.o(i.TIM_GetITStatus)
    TIM_ITConfig                             0x080022b5   Thumb Code    18  stm32f10x_tim.o(i.TIM_ITConfig)
    TIM_TimeBaseInit                         0x080022c9   Thumb Code   122  stm32f10x_tim.o(i.TIM_TimeBaseInit)
    USART1_IRQHandler                        0x0800236d   Thumb Code     2  usart.o(i.USART1_IRQHandler)
    USART2_IRQHandler                        0x08002371   Thumb Code  1302  usart.o(i.USART2_IRQHandler)
    USART2_Init                              0x0800289d   Thumb Code   154  usart.o(i.USART2_Init)
    USART_Cmd                                0x08002941   Thumb Code    24  stm32f10x_usart.o(i.USART_Cmd)
    USART_GetITStatus                        0x08002959   Thumb Code    84  stm32f10x_usart.o(i.USART_GetITStatus)
    USART_ITConfig                           0x080029ad   Thumb Code    74  stm32f10x_usart.o(i.USART_ITConfig)
    USART_Init                               0x080029f9   Thumb Code   210  stm32f10x_usart.o(i.USART_Init)
    USART_ReceiveData                        0x08002ad1   Thumb Code    10  stm32f10x_usart.o(i.USART_ReceiveData)
    UsageFault_Handler                       0x08002adb   Thumb Code     4  stm32f10x_it.o(i.UsageFault_Handler)
    __0printf$8                              0x08002ae1   Thumb Code    22  printf8.o(i.__0printf$8)
    __1printf$8                              0x08002ae1   Thumb Code     0  printf8.o(i.__0printf$8)
    __2printf                                0x08002ae1   Thumb Code     0  printf8.o(i.__0printf$8)
    __ARM_fpclassify                         0x08002b01   Thumb Code    40  fpclassify.o(i.__ARM_fpclassify)
    __kernel_poly                            0x08002b29   Thumb Code   170  poly.o(i.__kernel_poly)
    __mathlib_dbl_infnan                     0x08002bd3   Thumb Code     6  dunder.o(i.__mathlib_dbl_infnan)
    __mathlib_dbl_infnan2                    0x08002bd9   Thumb Code     4  dunder.o(i.__mathlib_dbl_infnan2)
    __mathlib_dbl_invalid                    0x08002bdd   Thumb Code    12  dunder.o(i.__mathlib_dbl_invalid)
    __mathlib_dbl_underflow                  0x08002be9   Thumb Code    10  dunder.o(i.__mathlib_dbl_underflow)
    __scatterload_copy                       0x08002bf9   Thumb Code    14  handlers.o(i.__scatterload_copy)
    __scatterload_null                       0x08002c07   Thumb Code     2  handlers.o(i.__scatterload_null)
    __scatterload_zeroinit                   0x08002c09   Thumb Code    14  handlers.o(i.__scatterload_zeroinit)
    __set_errno                              0x08002c19   Thumb Code     6  errno.o(i.__set_errno)
    asin                                     0x08003131   Thumb Code   572  asin.o(i.asin)
    atan                                     0x080033a1   Thumb Code   474  atan.o(i.atan)
    atan2                                    0x080035c1   Thumb Code   346  atan2.o(i.atan2)
    delay_init                               0x080037a5   Thumb Code    50  delay.o(i.delay_init)
    delay_ms                                 0x080037e9   Thumb Code    72  delay.o(i.delay_ms)
    delay_us                                 0x08003835   Thumb Code    72  delay.o(i.delay_us)
    dmp_enable_6x_lp_quat                    0x08003881   Thumb Code    60  inv_mpu_dmp_motion_driver.o(i.dmp_enable_6x_lp_quat)
    dmp_enable_feature                       0x080038bd   Thumb Code   530  inv_mpu_dmp_motion_driver.o(i.dmp_enable_feature)
    dmp_enable_gyro_cal                      0x08003ad9   Thumb Code    62  inv_mpu_dmp_motion_driver.o(i.dmp_enable_gyro_cal)
    dmp_enable_lp_quat                       0x08003b31   Thumb Code    60  inv_mpu_dmp_motion_driver.o(i.dmp_enable_lp_quat)
    dmp_load_motion_driver_firmware          0x08003b6d   Thumb Code    20  inv_mpu_dmp_motion_driver.o(i.dmp_load_motion_driver_firmware)
    dmp_read_fifo                            0x08003b85   Thumb Code   456  inv_mpu_dmp_motion_driver.o(i.dmp_read_fifo)
    dmp_set_accel_bias                       0x08003d51   Thumb Code   300  inv_mpu_dmp_motion_driver.o(i.dmp_set_accel_bias)
    dmp_set_fifo_rate                        0x08003e81   Thumb Code    96  inv_mpu_dmp_motion_driver.o(i.dmp_set_fifo_rate)
    dmp_set_gyro_bias                        0x08003ef1   Thumb Code   294  inv_mpu_dmp_motion_driver.o(i.dmp_set_gyro_bias)
    dmp_set_orientation                      0x08004021   Thumb Code   290  inv_mpu_dmp_motion_driver.o(i.dmp_set_orientation)
    dmp_set_shake_reject_thresh              0x08004159   Thumb Code    56  inv_mpu_dmp_motion_driver.o(i.dmp_set_shake_reject_thresh)
    dmp_set_shake_reject_time                0x08004191   Thumb Code    38  inv_mpu_dmp_motion_driver.o(i.dmp_set_shake_reject_time)
    dmp_set_shake_reject_timeout             0x080041b7   Thumb Code    38  inv_mpu_dmp_motion_driver.o(i.dmp_set_shake_reject_timeout)
    dmp_set_tap_axes                         0x080041dd   Thumb Code    70  inv_mpu_dmp_motion_driver.o(i.dmp_set_tap_axes)
    dmp_set_tap_count                        0x08004223   Thumb Code    38  inv_mpu_dmp_motion_driver.o(i.dmp_set_tap_count)
    dmp_set_tap_thresh                       0x08004249   Thumb Code   396  inv_mpu_dmp_motion_driver.o(i.dmp_set_tap_thresh)
    dmp_set_tap_time                         0x080043e9   Thumb Code    38  inv_mpu_dmp_motion_driver.o(i.dmp_set_tap_time)
    dmp_set_tap_time_multi                   0x0800440f   Thumb Code    38  inv_mpu_dmp_motion_driver.o(i.dmp_set_tap_time_multi)
    fputc                                    0x08004435   Thumb Code    24  usart.o(i.fputc)
    getvoltage                               0x08004975   Thumb Code   448  getvol.o(i.getvoltage)
    inv_orientation_matrix_to_scalar         0x08004c4d   Thumb Code    40  inv_mpu.o(i.inv_orientation_matrix_to_scalar)
    inv_row_2_scale                          0x08004c75   Thumb Code    78  inv_mpu.o(i.inv_row_2_scale)
    main                                     0x08004cc5   Thumb Code   578  main.o(i.main)
    mget_ms                                  0x08004f75   Thumb Code     2  inv_mpu.o(i.mget_ms)
    mpu_configure_fifo                       0x08004f79   Thumb Code   106  inv_mpu.o(i.mpu_configure_fifo)
    mpu_dmp_get_data                         0x08004fe9   Thumb Code   544  inv_mpu.o(i.mpu_dmp_get_data)
    mpu_dmp_init                             0x0800520d   Thumb Code   154  inv_mpu.o(i.mpu_dmp_init)
    mpu_get_accel_fsr                        0x080052ad   Thumb Code    72  inv_mpu.o(i.mpu_get_accel_fsr)
    mpu_get_accel_sens                       0x080052f9   Thumb Code    78  inv_mpu.o(i.mpu_get_accel_sens)
    mpu_get_fifo_config                      0x0800534d   Thumb Code    12  inv_mpu.o(i.mpu_get_fifo_config)
    mpu_get_gyro_fsr                         0x0800535d   Thumb Code    64  inv_mpu.o(i.mpu_get_gyro_fsr)
    mpu_get_gyro_sens                        0x080053a1   Thumb Code    58  inv_mpu.o(i.mpu_get_gyro_sens)
    mpu_get_lpf                              0x080053f1   Thumb Code    74  inv_mpu.o(i.mpu_get_lpf)
    mpu_get_sample_rate                      0x08005441   Thumb Code    26  inv_mpu.o(i.mpu_get_sample_rate)
    mpu_init                                 0x08005461   Thumb Code   416  inv_mpu.o(i.mpu_init)
    mpu_load_firmware                        0x08005651   Thumb Code   180  inv_mpu.o(i.mpu_load_firmware)
    mpu_lp_accel_mode                        0x08005709   Thumb Code   218  inv_mpu.o(i.mpu_lp_accel_mode)
    mpu_read_fifo_stream                     0x080057e9   Thumb Code   186  inv_mpu.o(i.mpu_read_fifo_stream)
    mpu_read_mem                             0x080058a9   Thumb Code   122  inv_mpu.o(i.mpu_read_mem)
    mpu_reset_fifo                           0x08005929   Thumb Code   450  inv_mpu.o(i.mpu_reset_fifo)
    mpu_run_self_test                        0x08005af1   Thumb Code   278  inv_mpu.o(i.mpu_run_self_test)
    mpu_set_accel_fsr                        0x08005c0d   Thumb Code   126  inv_mpu.o(i.mpu_set_accel_fsr)
    mpu_set_bypass                           0x08005c91   Thumb Code   328  inv_mpu.o(i.mpu_set_bypass)
    mpu_set_dmp_state                        0x08005ddd   Thumb Code   138  inv_mpu.o(i.mpu_set_dmp_state)
    mpu_set_gyro_fsr                         0x08005e6d   Thumb Code   132  inv_mpu.o(i.mpu_set_gyro_fsr)
    mpu_set_int_latched                      0x08005ef5   Thumb Code   102  inv_mpu.o(i.mpu_set_int_latched)
    mpu_set_lpf                              0x08005f61   Thumb Code   126  inv_mpu.o(i.mpu_set_lpf)
    mpu_set_sample_rate                      0x08005fe5   Thumb Code   152  inv_mpu.o(i.mpu_set_sample_rate)
    mpu_set_sensors                          0x08006081   Thumb Code   202  inv_mpu.o(i.mpu_set_sensors)
    mpu_write_mem                            0x08006151   Thumb Code   122  inv_mpu.o(i.mpu_write_mem)
    run_self_test                            0x080061d1   Thumb Code   148  inv_mpu.o(i.run_self_test)
    scan_row                                 0x08006265   Thumb Code   246  getvol.o(i.scan_row)
    sqrt                                     0x080063f5   Thumb Code    76  sqrt.o(i.sqrt)
    reg                                      0x08006440   Data          27  inv_mpu.o(.constdata)
    hw                                       0x0800645c   Data          12  inv_mpu.o(.constdata)
    test                                     0x08006468   Data          40  inv_mpu.o(.constdata)
    __mathlib_zero                           0x08007170   Data           8  qnan.o(.constdata)
    Region$$Table$$Base                      0x080071c8   Number         0  anon$$obj.o(Region$$Table)
    Region$$Table$$Limit                     0x080071e8   Number         0  anon$$obj.o(Region$$Table)
    Count                                    0x20000000   Data           1  main.o(.data)
    SleepFlag                                0x20000001   Data           1  main.o(.data)
    pitch                                    0x20000004   Data           4  main.o(.data)
    roll                                     0x20000008   Data           4  main.o(.data)
    yaw                                      0x2000000c   Data           4  main.o(.data)
    SystemCoreClock                          0x20000010   Data           4  system_stm32f10x.o(.data)
    AHBPrescTable                            0x20000014   Data          16  system_stm32f10x.o(.data)
    StopFlag                                 0x20000059   Data           1  exti.o(.data)
    __stdout                                 0x20000060   Data           4  usart.o(.data)
    USART_RX_STA                             0x20000064   Data           2  usart.o(.data)
    press_vol                                0x2000009c   Data         192  main.o(.bss)
    ADC_origin                               0x2000015c   Data          72  main.o(.bss)
    ADC_ConvertedValue                       0x200001b4   Data          10  adc.o(.bss)
    USART_RX_BUF                             0x200001be   Data         200  usart.o(.bss)
    __initial_sp                             0x200006d8   Data           0  startup_stm32f10x_hd.o(STACK)



==============================================================================

Memory Map of the image

  Image Entry point : 0x08000131

  Load Region LR_IROM1 (Base: 0x08000000, Size: 0x00007284, Max: 0x00010000, ABSOLUTE)

    Execution Region ER_IROM1 (Exec base: 0x08000000, Load base: 0x08000000, Size: 0x000071e8, Max: 0x00010000, ABSOLUTE)

    Exec Addr    Load Addr    Size         Type   Attr      Idx    E Section Name        Object

    0x08000000   0x08000000   0x00000130   Data   RO         1499    RESET               startup_stm32f10x_hd.o
    0x08000130   0x08000130   0x00000000   Code   RO         3056  * .ARM.Collect$$$$00000000  mc_w.l(entry.o)
    0x08000130   0x08000130   0x00000004   Code   RO         3397    .ARM.Collect$$$$00000001  mc_w.l(entry2.o)
    0x08000134   0x08000134   0x00000004   Code   RO         3400    .ARM.Collect$$$$00000004  mc_w.l(entry5.o)
    0x08000138   0x08000138   0x00000000   Code   RO         3402    .ARM.Collect$$$$00000008  mc_w.l(entry7b.o)
    0x08000138   0x08000138   0x00000000   Code   RO         3404    .ARM.Collect$$$$0000000A  mc_w.l(entry8b.o)
    0x08000138   0x08000138   0x00000008   Code   RO         3405    .ARM.Collect$$$$0000000B  mc_w.l(entry9a.o)
    0x08000140   0x08000140   0x00000000   Code   RO         3407    .ARM.Collect$$$$0000000D  mc_w.l(entry10a.o)
    0x08000140   0x08000140   0x00000000   Code   RO         3409    .ARM.Collect$$$$0000000F  mc_w.l(entry11a.o)
    0x08000140   0x08000140   0x00000004   Code   RO         3398    .ARM.Collect$$$$00002712  mc_w.l(entry2.o)
    0x08000144   0x08000144   0x00000024   Code   RO         1500    .text               startup_stm32f10x_hd.o
    0x08000168   0x08000168   0x00000062   Code   RO         3059    .text               mc_w.l(ldiv.o)
    0x080001ca   0x080001ca   0x00000024   Code   RO         3061    .text               mc_w.l(memseta.o)
    0x080001ee   0x080001ee   0x0000001a   Code   RO         3063    .text               mc_w.l(memcmp.o)
    0x08000208   0x08000208   0x000000b0   Code   RO         3326    .text               mf_w.l(fadd.o)
    0x080002b8   0x080002b8   0x00000064   Code   RO         3328    .text               mf_w.l(fmul.o)
    0x0800031c   0x0800031c   0x0000007c   Code   RO         3330    .text               mf_w.l(fdiv.o)
    0x08000398   0x08000398   0x0000014e   Code   RO         3332    .text               mf_w.l(dadd.o)
    0x080004e6   0x080004e6   0x000000e4   Code   RO         3334    .text               mf_w.l(dmul.o)
    0x080005ca   0x080005ca   0x000000de   Code   RO         3336    .text               mf_w.l(ddiv.o)
    0x080006a8   0x080006a8   0x00000012   Code   RO         3338    .text               mf_w.l(fflti.o)
    0x080006ba   0x080006ba   0x0000000a   Code   RO         3340    .text               mf_w.l(ffltui.o)
    0x080006c4   0x080006c4   0x00000032   Code   RO         3344    .text               mf_w.l(ffixi.o)
    0x080006f6   0x080006f6   0x00000028   Code   RO         3346    .text               mf_w.l(ffixui.o)
    0x0800071e   0x0800071e   0x00000026   Code   RO         3348    .text               mf_w.l(f2d.o)
    0x08000744   0x08000744   0x00000030   Code   RO         3350    .text               mf_w.l(cdcmple.o)
    0x08000774   0x08000774   0x00000030   Code   RO         3352    .text               mf_w.l(cdrcmple.o)
    0x080007a4   0x080007a4   0x00000038   Code   RO         3354    .text               mf_w.l(d2f.o)
    0x080007dc   0x080007dc   0x00000014   Code   RO         3356    .text               mf_w.l(cfcmple.o)
    0x080007f0   0x080007f0   0x00000014   Code   RO         3358    .text               mf_w.l(cfrcmple.o)
    0x08000804   0x08000804   0x00000062   Code   RO         3413    .text               mc_w.l(uldiv.o)
    0x08000866   0x08000866   0x0000001e   Code   RO         3415    .text               mc_w.l(llshl.o)
    0x08000884   0x08000884   0x00000024   Code   RO         3417    .text               mc_w.l(llsshr.o)
    0x080008a8   0x080008a8   0x00000000   Code   RO         3426    .text               mc_w.l(iusefp.o)
    0x080008a8   0x080008a8   0x0000006e   Code   RO         3427    .text               mf_w.l(fepilogue.o)
    0x08000916   0x08000916   0x000000ba   Code   RO         3429    .text               mf_w.l(depilogue.o)
    0x080009d0   0x080009d0   0x0000002e   Code   RO         3431    .text               mf_w.l(dscalb.o)
    0x080009fe   0x080009fe   0x00000002   PAD
    0x08000a00   0x08000a00   0x00000024   Code   RO         3435    .text               mc_w.l(init.o)
    0x08000a24   0x08000a24   0x00000020   Code   RO         3437    .text               mc_w.l(llushr.o)
    0x08000a44   0x08000a44   0x000000a2   Code   RO         3439    .text               mf_w.l(dsqrt.o)
    0x08000ae6   0x08000ae6   0x00000002   PAD
    0x08000ae8   0x08000ae8   0x00000048   Code   RO         1121    i.ADC1_GPIO_Config  adc.o
    0x08000b30   0x08000b30   0x0000000c   Code   RO         1122    i.ADC1_Init         adc.o
    0x08000b3c   0x08000b3c   0x00000128   Code   RO         1123    i.ADC1_Mode_Config  adc.o
    0x08000c64   0x08000c64   0x00000016   Code   RO         2762    i.ADC_Cmd           stm32f10x_adc.o
    0x08000c7a   0x08000c7a   0x00000016   Code   RO         2763    i.ADC_DMACmd        stm32f10x_adc.o
    0x08000c90   0x08000c90   0x00000014   Code   RO         2770    i.ADC_GetCalibrationStatus  stm32f10x_adc.o
    0x08000ca4   0x08000ca4   0x00000014   Code   RO         2776    i.ADC_GetResetCalibrationStatus  stm32f10x_adc.o
    0x08000cb8   0x08000cb8   0x00000050   Code   RO         2780    i.ADC_Init          stm32f10x_adc.o
    0x08000d08   0x08000d08   0x000000b8   Code   RO         2784    i.ADC_RegularChannelConfig  stm32f10x_adc.o
    0x08000dc0   0x08000dc0   0x0000000a   Code   RO         2785    i.ADC_ResetCalibration  stm32f10x_adc.o
    0x08000dca   0x08000dca   0x00000016   Code   RO         2787    i.ADC_SoftwareStartConvCmd  stm32f10x_adc.o
    0x08000de0   0x08000de0   0x0000000a   Code   RO         2789    i.ADC_StartCalibration  stm32f10x_adc.o
    0x08000dea   0x08000dea   0x00000002   PAD
    0x08000dec   0x08000dec   0x0000001c   Code   RO         1402    i.BTPwrSet          usart.o
    0x08000e08   0x08000e08   0x0000001c   Code   RO         1403    i.BTRestore         usart.o
    0x08000e24   0x08000e24   0x00000004   Code   RO          166    i.BusFault_Handler  stm32f10x_it.o
    0x08000e28   0x08000e28   0x0000003c   Code   RO         1071    i.Check_WKUP        key.o
    0x08000e64   0x08000e64   0x00000018   Code   RO         1194    i.DMA_Cmd           stm32f10x_dma.o
    0x08000e7c   0x08000e7c   0x0000014c   Code   RO         1195    i.DMA_DeInit        stm32f10x_dma.o
    0x08000fc8   0x08000fc8   0x0000003c   Code   RO         1200    i.DMA_Init          stm32f10x_dma.o
    0x08001004   0x08001004   0x00000002   Code   RO          167    i.DebugMon_Handler  stm32f10x_it.o
    0x08001006   0x08001006   0x00000002   PAD
    0x08001008   0x08001008   0x000001e0   Code   RO         1096    i.EXTI15_10_IRQHandler  exti.o
    0x080011e8   0x080011e8   0x0000008c   Code   RO         1097    i.EXTIX_Init        exti.o
    0x08001274   0x08001274   0x0000000c   Code   RO         2703    i.EXTI_ClearITPendingBit  stm32f10x_exti.o
    0x08001280   0x08001280   0x00000028   Code   RO         2707    i.EXTI_GetITStatus  stm32f10x_exti.o
    0x080012a8   0x080012a8   0x00000094   Code   RO         2708    i.EXTI_Init         stm32f10x_exti.o
    0x0800133c   0x0800133c   0x00000040   Code   RO         1663    i.GPIO_EXTILineConfig  stm32f10x_gpio.o
    0x0800137c   0x0800137c   0x00000116   Code   RO         1666    i.GPIO_Init         stm32f10x_gpio.o
    0x08001492   0x08001492   0x00000002   PAD
    0x08001494   0x08001494   0x00000090   Code   RO         1668    i.GPIO_PinRemapConfig  stm32f10x_gpio.o
    0x08001524   0x08001524   0x00000012   Code   RO         1670    i.GPIO_ReadInputDataBit  stm32f10x_gpio.o
    0x08001536   0x08001536   0x00000004   Code   RO         1673    i.GPIO_ResetBits    stm32f10x_gpio.o
    0x0800153a   0x0800153a   0x00000004   Code   RO         1674    i.GPIO_SetBits      stm32f10x_gpio.o
    0x0800153e   0x0800153e   0x0000001e   Code   RO         1405    i.GetCheckSum       usart.o
    0x0800155c   0x0800155c   0x00000004   Code   RO          168    i.HardFault_Handler  stm32f10x_it.o
    0x08001560   0x08001560   0x00000040   Code   RO         1072    i.KEY_Init          key.o
    0x080015a0   0x080015a0   0x0000024c   Code   RO          365    i.LED_Init          led.o
    0x080017ec   0x080017ec   0x0000004c   Code   RO          377    i.MPU_IIC_Ack       mpuiic.o
    0x08001838   0x08001838   0x0000000a   Code   RO          378    i.MPU_IIC_Delay     mpuiic.o
    0x08001842   0x08001842   0x00000002   PAD
    0x08001844   0x08001844   0x00000038   Code   RO          379    i.MPU_IIC_Init      mpuiic.o
    0x0800187c   0x0800187c   0x0000004c   Code   RO          380    i.MPU_IIC_NAck      mpuiic.o
    0x080018c8   0x080018c8   0x0000006c   Code   RO          381    i.MPU_IIC_Read_Byte  mpuiic.o
    0x08001934   0x08001934   0x0000005c   Code   RO          382    i.MPU_IIC_Send_Byte  mpuiic.o
    0x08001990   0x08001990   0x00000048   Code   RO          383    i.MPU_IIC_Start     mpuiic.o
    0x080019d8   0x080019d8   0x00000048   Code   RO          384    i.MPU_IIC_Stop      mpuiic.o
    0x08001a20   0x08001a20   0x00000064   Code   RO          385    i.MPU_IIC_Wait_Ack  mpuiic.o
    0x08001a84   0x08001a84   0x0000008a   Code   RO          475    i.MPU_Init          mpu6050.o
    0x08001b0e   0x08001b0e   0x0000003a   Code   RO          476    i.MPU_Read_Byte     mpu6050.o
    0x08001b48   0x08001b48   0x00000074   Code   RO          477    i.MPU_Read_Len      mpu6050.o
    0x08001bbc   0x08001bbc   0x00000010   Code   RO          478    i.MPU_Set_Accel_Fsr  mpu6050.o
    0x08001bcc   0x08001bcc   0x00000010   Code   RO          479    i.MPU_Set_Gyro_Fsr  mpu6050.o
    0x08001bdc   0x08001bdc   0x0000003a   Code   RO          480    i.MPU_Set_LPF       mpu6050.o
    0x08001c16   0x08001c16   0x0000003a   Code   RO          481    i.MPU_Set_Rate      mpu6050.o
    0x08001c50   0x08001c50   0x00000044   Code   RO          482    i.MPU_Write_Byte    mpu6050.o
    0x08001c94   0x08001c94   0x00000060   Code   RO          483    i.MPU_Write_Len     mpu6050.o
    0x08001cf4   0x08001cf4   0x00000004   Code   RO          169    i.MemManage_Handler  stm32f10x_it.o
    0x08001cf8   0x08001cf8   0x00000002   Code   RO          170    i.NMI_Handler       stm32f10x_it.o
    0x08001cfa   0x08001cfa   0x00000002   PAD
    0x08001cfc   0x08001cfc   0x00000070   Code   RO         1504    i.NVIC_Init         misc.o
    0x08001d6c   0x08001d6c   0x00000014   Code   RO         1505    i.NVIC_PriorityGroupConfig  misc.o
    0x08001d80   0x08001d80   0x00000040   Code   RO         2982    i.PWR_EnterSTOPMode  stm32f10x_pwr.o
    0x08001dc0   0x08001dc0   0x00000002   Code   RO          171    i.PendSV_Handler    stm32f10x_it.o
    0x08001dc2   0x08001dc2   0x00000002   PAD
    0x08001dc4   0x08001dc4   0x00000018   Code   RO         1774    i.RCC_ADCCLKConfig  stm32f10x_rcc.o
    0x08001ddc   0x08001ddc   0x00000020   Code   RO         1775    i.RCC_AHBPeriphClockCmd  stm32f10x_rcc.o
    0x08001dfc   0x08001dfc   0x00000020   Code   RO         1776    i.RCC_APB1PeriphClockCmd  stm32f10x_rcc.o
    0x08001e1c   0x08001e1c   0x00000020   Code   RO         1778    i.RCC_APB2PeriphClockCmd  stm32f10x_rcc.o
    0x08001e3c   0x08001e3c   0x00000020   Code   RO         1779    i.RCC_APB2PeriphResetCmd  stm32f10x_rcc.o
    0x08001e5c   0x08001e5c   0x000000d4   Code   RO         1786    i.RCC_GetClocksFreq  stm32f10x_rcc.o
    0x08001f30   0x08001f30   0x0000003c   Code   RO         1787    i.RCC_GetFlagStatus  stm32f10x_rcc.o
    0x08001f6c   0x08001f6c   0x00000010   Code   RO         1789    i.RCC_GetSYSCLKSource  stm32f10x_rcc.o
    0x08001f7c   0x08001f7c   0x0000004c   Code   RO         1791    i.RCC_HSEConfig     stm32f10x_rcc.o
    0x08001fc8   0x08001fc8   0x0000000c   Code   RO         1799    i.RCC_PLLCmd        stm32f10x_rcc.o
    0x08001fd4   0x08001fd4   0x00000018   Code   RO         1803    i.RCC_SYSCLKConfig  stm32f10x_rcc.o
    0x08001fec   0x08001fec   0x00000002   Code   RO          172    i.SVC_Handler       stm32f10x_it.o
    0x08001fee   0x08001fee   0x0000003a   Code   RO         1146    i.SYSCLKConfig_STOP  wkup.o
    0x08002028   0x08002028   0x0000002c   Code   RO            2    i.Send_datatoU2     main.o
    0x08002054   0x08002054   0x00000008   Code   RO          312    i.SetSysClock       system_stm32f10x.o
    0x0800205c   0x0800205c   0x000000e0   Code   RO          313    i.SetSysClockTo72   system_stm32f10x.o
    0x0800213c   0x0800213c   0x00000028   Code   RO         1508    i.SysTick_CLKSourceConfig  misc.o
    0x08002164   0x08002164   0x00000002   Code   RO          173    i.SysTick_Handler   stm32f10x_it.o
    0x08002166   0x08002166   0x00000012   Code   RO         1147    i.Sys_Enter_Stop    wkup.o
    0x08002178   0x08002178   0x00000014   Code   RO         1148    i.Sys_Stop          wkup.o
    0x0800218c   0x0800218c   0x00000060   Code   RO          315    i.SystemInit        system_stm32f10x.o
    0x080021ec   0x080021ec   0x00000028   Code   RO         1173    i.TIM3_IRQHandler   timer.o
    0x08002214   0x08002214   0x00000060   Code   RO         1174    i.TIM3_Int_Init     timer.o
    0x08002274   0x08002274   0x00000006   Code   RO         2165    i.TIM_ClearITPendingBit  stm32f10x_tim.o
    0x0800227a   0x0800227a   0x00000018   Code   RO         2170    i.TIM_Cmd           stm32f10x_tim.o
    0x08002292   0x08002292   0x00000022   Code   RO         2191    i.TIM_GetITStatus   stm32f10x_tim.o
    0x080022b4   0x080022b4   0x00000012   Code   RO         2195    i.TIM_ITConfig      stm32f10x_tim.o
    0x080022c6   0x080022c6   0x00000002   PAD
    0x080022c8   0x080022c8   0x000000a4   Code   RO         2241    i.TIM_TimeBaseInit  stm32f10x_tim.o
    0x0800236c   0x0800236c   0x00000002   Code   RO         1406    i.USART1_IRQHandler  usart.o
    0x0800236e   0x0800236e   0x00000002   PAD
    0x08002370   0x08002370   0x0000052c   Code   RO         1408    i.USART2_IRQHandler  usart.o
    0x0800289c   0x0800289c   0x000000a4   Code   RO         1409    i.USART2_Init       usart.o
    0x08002940   0x08002940   0x00000018   Code   RO         1978    i.USART_Cmd         stm32f10x_usart.o
    0x08002958   0x08002958   0x00000054   Code   RO         1982    i.USART_GetITStatus  stm32f10x_usart.o
    0x080029ac   0x080029ac   0x0000004a   Code   RO         1984    i.USART_ITConfig    stm32f10x_usart.o
    0x080029f6   0x080029f6   0x00000002   PAD
    0x080029f8   0x080029f8   0x000000d8   Code   RO         1985    i.USART_Init        stm32f10x_usart.o
    0x08002ad0   0x08002ad0   0x0000000a   Code   RO         1992    i.USART_ReceiveData  stm32f10x_usart.o
    0x08002ada   0x08002ada   0x00000004   Code   RO          174    i.UsageFault_Handler  stm32f10x_it.o
    0x08002ade   0x08002ade   0x00000002   PAD
    0x08002ae0   0x08002ae0   0x00000020   Code   RO         3272    i.__0printf$8       mc_w.l(printf8.o)
    0x08002b00   0x08002b00   0x00000028   Code   RO         3384    i.__ARM_fpclassify  m_ws.l(fpclassify.o)
    0x08002b28   0x08002b28   0x000000aa   Code   RO         3386    i.__kernel_poly     m_ws.l(poly.o)
    0x08002bd2   0x08002bd2   0x00000006   Code   RO         3371    i.__mathlib_dbl_infnan  m_ws.l(dunder.o)
    0x08002bd8   0x08002bd8   0x00000004   Code   RO         3372    i.__mathlib_dbl_infnan2  m_ws.l(dunder.o)
    0x08002bdc   0x08002bdc   0x0000000c   Code   RO         3373    i.__mathlib_dbl_invalid  m_ws.l(dunder.o)
    0x08002be8   0x08002be8   0x00000010   Code   RO         3376    i.__mathlib_dbl_underflow  m_ws.l(dunder.o)
    0x08002bf8   0x08002bf8   0x0000000e   Code   RO         3443    i.__scatterload_copy  mc_w.l(handlers.o)
    0x08002c06   0x08002c06   0x00000002   Code   RO         3444    i.__scatterload_null  mc_w.l(handlers.o)
    0x08002c08   0x08002c08   0x0000000e   Code   RO         3445    i.__scatterload_zeroinit  mc_w.l(handlers.o)
    0x08002c16   0x08002c16   0x00000002   PAD
    0x08002c18   0x08002c18   0x0000000c   Code   RO         3421    i.__set_errno       mc_w.l(errno.o)
    0x08002c24   0x08002c24   0x00000410   Code   RO         3279    i._printf_core      mc_w.l(printf8.o)
    0x08003034   0x08003034   0x00000024   Code   RO         3280    i._printf_post_padding  mc_w.l(printf8.o)
    0x08003058   0x08003058   0x0000002e   Code   RO         3281    i._printf_pre_padding  mc_w.l(printf8.o)
    0x08003086   0x08003086   0x00000002   PAD
    0x08003088   0x08003088   0x000000a8   Code   RO          554    i.accel_self_test   inv_mpu.o
    0x08003130   0x08003130   0x00000270   Code   RO         3039    i.asin              m_ws.l(asin.o)
    0x080033a0   0x080033a0   0x00000220   Code   RO         3361    i.atan              m_ws.l(atan.o)
    0x080035c0   0x080035c0   0x00000180   Code   RO         3049    i.atan2             m_ws.l(atan2.o)
    0x08003740   0x08003740   0x00000064   Code   RO          885    i.decode_gesture    inv_mpu_dmp_motion_driver.o
    0x080037a4   0x080037a4   0x00000044   Code   RO         1347    i.delay_init        delay.o
    0x080037e8   0x080037e8   0x0000004c   Code   RO         1348    i.delay_ms          delay.o
    0x08003834   0x08003834   0x0000004c   Code   RO         1349    i.delay_us          delay.o
    0x08003880   0x08003880   0x0000003c   Code   RO          886    i.dmp_enable_6x_lp_quat  inv_mpu_dmp_motion_driver.o
    0x080038bc   0x080038bc   0x0000021c   Code   RO          887    i.dmp_enable_feature  inv_mpu_dmp_motion_driver.o
    0x08003ad8   0x08003ad8   0x00000058   Code   RO          888    i.dmp_enable_gyro_cal  inv_mpu_dmp_motion_driver.o
    0x08003b30   0x08003b30   0x0000003c   Code   RO          889    i.dmp_enable_lp_quat  inv_mpu_dmp_motion_driver.o
    0x08003b6c   0x08003b6c   0x00000018   Code   RO          894    i.dmp_load_motion_driver_firmware  inv_mpu_dmp_motion_driver.o
    0x08003b84   0x08003b84   0x000001cc   Code   RO          895    i.dmp_read_fifo     inv_mpu_dmp_motion_driver.o
    0x08003d50   0x08003d50   0x00000130   Code   RO          898    i.dmp_set_accel_bias  inv_mpu_dmp_motion_driver.o
    0x08003e80   0x08003e80   0x00000070   Code   RO          899    i.dmp_set_fifo_rate  inv_mpu_dmp_motion_driver.o
    0x08003ef0   0x08003ef0   0x00000130   Code   RO          900    i.dmp_set_gyro_bias  inv_mpu_dmp_motion_driver.o
    0x08004020   0x08004020   0x00000138   Code   RO          902    i.dmp_set_orientation  inv_mpu_dmp_motion_driver.o
    0x08004158   0x08004158   0x00000038   Code   RO          905    i.dmp_set_shake_reject_thresh  inv_mpu_dmp_motion_driver.o
    0x08004190   0x08004190   0x00000026   Code   RO          906    i.dmp_set_shake_reject_time  inv_mpu_dmp_motion_driver.o
    0x080041b6   0x080041b6   0x00000026   Code   RO          907    i.dmp_set_shake_reject_timeout  inv_mpu_dmp_motion_driver.o
    0x080041dc   0x080041dc   0x00000046   Code   RO          908    i.dmp_set_tap_axes  inv_mpu_dmp_motion_driver.o
    0x08004222   0x08004222   0x00000026   Code   RO          909    i.dmp_set_tap_count  inv_mpu_dmp_motion_driver.o
    0x08004248   0x08004248   0x000001a0   Code   RO          910    i.dmp_set_tap_thresh  inv_mpu_dmp_motion_driver.o
    0x080043e8   0x080043e8   0x00000026   Code   RO          911    i.dmp_set_tap_time  inv_mpu_dmp_motion_driver.o
    0x0800440e   0x0800440e   0x00000026   Code   RO          912    i.dmp_set_tap_time_multi  inv_mpu_dmp_motion_driver.o
    0x08004434   0x08004434   0x0000001c   Code   RO         1411    i.fputc             usart.o
    0x08004450   0x08004450   0x000000b4   Code   RO          555    i.get_accel_prod_shift  inv_mpu.o
    0x08004504   0x08004504   0x00000470   Code   RO          556    i.get_st_biases     inv_mpu.o
    0x08004974   0x08004974   0x000001c8   Code   RO          346    i.getvoltage        getvol.o
    0x08004b3c   0x08004b3c   0x00000110   Code   RO          557    i.gyro_self_test    inv_mpu.o
    0x08004c4c   0x08004c4c   0x00000028   Code   RO          558    i.inv_orientation_matrix_to_scalar  inv_mpu.o
    0x08004c74   0x08004c74   0x0000004e   Code   RO          559    i.inv_row_2_scale   inv_mpu.o
    0x08004cc2   0x08004cc2   0x00000002   PAD
    0x08004cc4   0x08004cc4   0x000002b0   Code   RO            3    i.main              main.o
    0x08004f74   0x08004f74   0x00000002   Code   RO          560    i.mget_ms           inv_mpu.o
    0x08004f76   0x08004f76   0x00000002   PAD
    0x08004f78   0x08004f78   0x00000070   Code   RO          561    i.mpu_configure_fifo  inv_mpu.o
    0x08004fe8   0x08004fe8   0x00000224   Code   RO          562    i.mpu_dmp_get_data  inv_mpu.o
    0x0800520c   0x0800520c   0x000000a0   Code   RO          563    i.mpu_dmp_init      inv_mpu.o
    0x080052ac   0x080052ac   0x0000004c   Code   RO          564    i.mpu_get_accel_fsr  inv_mpu.o
    0x080052f8   0x080052f8   0x00000054   Code   RO          566    i.mpu_get_accel_sens  inv_mpu.o
    0x0800534c   0x0800534c   0x00000010   Code   RO          571    i.mpu_get_fifo_config  inv_mpu.o
    0x0800535c   0x0800535c   0x00000044   Code   RO          572    i.mpu_get_gyro_fsr  inv_mpu.o
    0x080053a0   0x080053a0   0x00000050   Code   RO          574    i.mpu_get_gyro_sens  inv_mpu.o
    0x080053f0   0x080053f0   0x00000050   Code   RO          576    i.mpu_get_lpf       inv_mpu.o
    0x08005440   0x08005440   0x00000020   Code   RO          578    i.mpu_get_sample_rate  inv_mpu.o
    0x08005460   0x08005460   0x000001f0   Code   RO          580    i.mpu_init          inv_mpu.o
    0x08005650   0x08005650   0x000000b8   Code   RO          581    i.mpu_load_firmware  inv_mpu.o
    0x08005708   0x08005708   0x000000e0   Code   RO          582    i.mpu_lp_accel_mode  inv_mpu.o
    0x080057e8   0x080057e8   0x000000c0   Code   RO          585    i.mpu_read_fifo_stream  inv_mpu.o
    0x080058a8   0x080058a8   0x00000080   Code   RO          586    i.mpu_read_mem      inv_mpu.o
    0x08005928   0x08005928   0x000001c8   Code   RO          589    i.mpu_reset_fifo    inv_mpu.o
    0x08005af0   0x08005af0   0x0000011c   Code   RO          590    i.mpu_run_self_test  inv_mpu.o
    0x08005c0c   0x08005c0c   0x00000084   Code   RO          592    i.mpu_set_accel_fsr  inv_mpu.o
    0x08005c90   0x08005c90   0x0000014c   Code   RO          593    i.mpu_set_bypass    inv_mpu.o
    0x08005ddc   0x08005ddc   0x00000090   Code   RO          595    i.mpu_set_dmp_state  inv_mpu.o
    0x08005e6c   0x08005e6c   0x00000088   Code   RO          596    i.mpu_set_gyro_fsr  inv_mpu.o
    0x08005ef4   0x08005ef4   0x0000006c   Code   RO          597    i.mpu_set_int_latched  inv_mpu.o
    0x08005f60   0x08005f60   0x00000084   Code   RO          599    i.mpu_set_lpf       inv_mpu.o
    0x08005fe4   0x08005fe4   0x0000009c   Code   RO          600    i.mpu_set_sample_rate  inv_mpu.o
    0x08006080   0x08006080   0x000000d0   Code   RO          601    i.mpu_set_sensors   inv_mpu.o
    0x08006150   0x08006150   0x00000080   Code   RO          602    i.mpu_write_mem     inv_mpu.o
    0x080061d0   0x080061d0   0x00000094   Code   RO          603    i.run_self_test     inv_mpu.o
    0x08006264   0x08006264   0x00000100   Code   RO          347    i.scan_row          getvol.o
    0x08006364   0x08006364   0x00000090   Code   RO          604    i.set_int_enable    inv_mpu.o
    0x080063f4   0x080063f4   0x0000004c   Code   RO         3390    i.sqrt              m_ws.l(sqrt.o)
    0x08006440   0x08006440   0x00000050   Data   RO          606    .constdata          inv_mpu.o
    0x08006490   0x08006490   0x00000bf6   Data   RO          914    .constdata          inv_mpu_dmp_motion_driver.o
    0x08007086   0x08007086   0x00000002   PAD
    0x08007088   0x08007088   0x00000050   Data   RO         3040    .constdata          m_ws.l(asin.o)
    0x080070d8   0x080070d8   0x00000098   Data   RO         3362    .constdata          m_ws.l(atan.o)
    0x08007170   0x08007170   0x00000008   Data   RO         3388    .constdata          m_ws.l(qnan.o)
    0x08007178   0x08007178   0x0000004d   Data   RO          607    .conststring        inv_mpu.o
    0x080071c5   0x080071c5   0x00000003   PAD
    0x080071c8   0x080071c8   0x00000020   Data   RO         3441    Region$$Table       anon$$obj.o


    Execution Region RW_IRAM1 (Exec base: 0x20000000, Load base: 0x080071e8, Size: 0x000006d8, Max: 0x00005000, ABSOLUTE)

    Exec Addr    Load Addr    Size         Type   Attr      Idx    E Section Name        Object

    0x20000000   0x080071e8   0x00000010   Data   RW            5    .data               main.o
    0x20000010   0x080071f8   0x00000014   Data   RW          316    .data               system_stm32f10x.o
    0x20000024   0x0800720c   0x00000035   Data   RW          608    .data               inv_mpu.o
    0x20000059   0x08007241   0x00000001   Data   RW         1098    .data               exti.o
    0x2000005a   0x08007242   0x00000004   Data   RW         1350    .data               delay.o
    0x2000005e   0x08007246   0x00000002   PAD
    0x20000060   0x08007248   0x00000024   Data   RW         1414    .data               usart.o
    0x20000084   0x0800726c   0x00000014   Data   RW         1806    .data               stm32f10x_rcc.o
    0x20000098   0x08007280   0x00000004   Data   RW         3422    .data               mc_w.l(errno.o)
    0x2000009c        -       0x00000108   Zero   RW            4    .bss                main.o
    0x200001a4        -       0x00000010   Zero   RW          913    .bss                inv_mpu_dmp_motion_driver.o
    0x200001b4        -       0x0000000a   Zero   RW         1124    .bss                adc.o
    0x200001be        -       0x00000114   Zero   RW         1413    .bss                usart.o
    0x200002d2   0x08007284   0x00000006   PAD
    0x200002d8        -       0x00000400   Zero   RW         1497    STACK               startup_stm32f10x_hd.o


==============================================================================

Image component sizes


      Code (inc. data)   RO Data    RW Data    ZI Data      Debug   Object Name

       380         22          0          0         10       2145   adc.o
       220         26          0          4          0       1659   delay.o
       620         34          0          1          0       1563   exti.o
       712         18          0          0          0       1092   getvol.o
      6864        290        157         53          0      30668   inv_mpu.o
      3096        122       3062          0         16      20466   inv_mpu_dmp_motion_driver.o
       124         18          0          0          0       1000   key.o
       588         12          0          0          0        759   led.o
       732        114          0         16        264     266458   main.o
       172         22          0          0          0       1993   misc.o
       624          0          0          0          0       6107   mpu6050.o
       662        100          0          0          0     219238   mpuiic.o
        36          8        304          0       1024        776   startup_stm32f10x_hd.o
       390         10          0          0          0       7241   stm32f10x_adc.o
       416          8          0          0          0     214846   stm32f10x_dma.o
       200         18          0          0          0       2044   stm32f10x_exti.o
       512         10          0          0          0       5004   stm32f10x_gpio.o
        26          0          0          0          0      47018   stm32f10x_it.o
        64         10          0          0          0        628   stm32f10x_pwr.o
       552         78          0         20          0       8652   stm32f10x_rcc.o
       246         42          0          0          0       3454   stm32f10x_tim.o
       408          6          0          0          0       4906   stm32f10x_usart.o
         0          0          0          0          0         32   sys.o
       328         28          0         20          0       2005   system_stm32f10x.o
       136         14          0          0          0       1098   timer.o
      1604        182          0         36        276       7662   usart.o
        96          0          0          0          0       1352   wkup.o

    ----------------------------------------------------------------------
     19832       1192       3560        152       1596     859866   Object Totals
         0          0         32          0          0          0   (incl. Generated)
        24          0          5          2          6          0   (incl. Padding)

    ----------------------------------------------------------------------

      Code (inc. data)   RO Data    RW Data    ZI Data      Debug   Library Member Name

       624         52         80          0          0        168   asin.o
       544         70        152          0          0        124   atan.o
       384         38          0          0          0        144   atan2.o
        38          6          0          0          0        272   dunder.o
        40          0          0          0          0         68   fpclassify.o
       170          0          0          0          0         96   poly.o
         0          0          8          0          0          0   qnan.o
        76          0          0          0          0         84   sqrt.o
         0          0          0          0          0          0   entry.o
         0          0          0          0          0          0   entry10a.o
         0          0          0          0          0          0   entry11a.o
         8          4          0          0          0          0   entry2.o
         4          0          0          0          0          0   entry5.o
         0          0          0          0          0          0   entry7b.o
         0          0          0          0          0          0   entry8b.o
         8          4          0          0          0          0   entry9a.o
        12          6          0          4          0         68   errno.o
        30          0          0          0          0          0   handlers.o
        36          8          0          0          0         68   init.o
         0          0          0          0          0          0   iusefp.o
        98          0          0          0          0         84   ldiv.o
        30          0          0          0          0         68   llshl.o
        36          0          0          0          0         68   llsshr.o
        32          0          0          0          0         68   llushr.o
        26          0          0          0          0         80   memcmp.o
        36          0          0          0          0        108   memseta.o
      1154         54          0          0          0        352   printf8.o
        98          0          0          0          0         92   uldiv.o
        48          0          0          0          0         68   cdcmple.o
        48          0          0          0          0         68   cdrcmple.o
        20          0          0          0          0         68   cfcmple.o
        20          0          0          0          0         68   cfrcmple.o
        56          0          0          0          0         88   d2f.o
       334          0          0          0          0        148   dadd.o
       222          0          0          0          0        100   ddiv.o
       186          0          0          0          0        176   depilogue.o
       228          0          0          0          0         96   dmul.o
        46          0          0          0          0         80   dscalb.o
       162          0          0          0          0        100   dsqrt.o
        38          0          0          0          0         68   f2d.o
       176          0          0          0          0        140   fadd.o
       124          0          0          0          0         88   fdiv.o
       110          0          0          0          0        168   fepilogue.o
        50          0          0          0          0         68   ffixi.o
        40          0          0          0          0         68   ffixui.o
        18          0          0          0          0         68   fflti.o
        10          0          0          0          0         68   ffltui.o
       100          0          0          0          0         76   fmul.o

    ----------------------------------------------------------------------
      5528        242        240          4          0       3884   Library Totals
         8          0          0          0          0          0   (incl. Padding)

    ----------------------------------------------------------------------

      Code (inc. data)   RO Data    RW Data    ZI Data      Debug   Library Name

      1876        166        240          0          0        956   m_ws.l
      1608         76          0          4          0       1056   mc_w.l
      2036          0          0          0          0       1872   mf_w.l

    ----------------------------------------------------------------------
      5528        242        240          4          0       3884   Library Totals

    ----------------------------------------------------------------------

==============================================================================


      Code (inc. data)   RO Data    RW Data    ZI Data      Debug   

     25360       1434       3800        156       1596     853866   Grand Totals
     25360       1434       3800        156       1596     853866   ELF Image Totals
     25360       1434       3800        156          0          0   ROM Totals

==============================================================================

    Total RO  Size (Code + RO Data)                29160 (  28.48kB)
    Total RW  Size (RW Data + ZI Data)              1752 (   1.71kB)
    Total ROM Size (Code + RO Data + RW Data)      29316 (  28.63kB)

==============================================================================

